Archive member included to satisfy reference by file (symbol)

app/libapp.a(main.c.obj)      (--whole-archive)
zephyr/libzephyr.a(heap.c.obj)
                              (--whole-archive)
zephyr/libzephyr.a(cbprintf_packaged.c.obj)
                              (--whole-archive)
zephyr/libzephyr.a(printk.c.obj)
                              (--whole-archive)
zephyr/libzephyr.a(sem.c.obj)
                              (--whole-archive)
zephyr/libzephyr.a(thread_entry.c.obj)
                              (--whole-archive)
zephyr/libzephyr.a(cbprintf_complete.c.obj)
                              (--whole-archive)
zephyr/libzephyr.a(assert.c.obj)
                              (--whole-archive)
zephyr/libzephyr.a(mpsc_pbuf.c.obj)
                              (--whole-archive)
zephyr/libzephyr.a(poweroff.c.obj)
                              (--whole-archive)
zephyr/libzephyr.a(dec.c.obj)
                              (--whole-archive)
zephyr/libzephyr.a(hex.c.obj)
                              (--whole-archive)
zephyr/libzephyr.a(rb.c.obj)  (--whole-archive)
zephyr/libzephyr.a(timeutil.c.obj)
                              (--whole-archive)
zephyr/libzephyr.a(bitarray.c.obj)
                              (--whole-archive)
zephyr/libzephyr.a(onoff.c.obj)
                              (--whole-archive)
zephyr/libzephyr.a(notify.c.obj)
                              (--whole-archive)
zephyr/libzephyr.a(last_section_id.c.obj)
                              (--whole-archive)
zephyr/libzephyr.a(configs.c.obj)
                              (--whole-archive)
zephyr/libzephyr.a(log_core.c.obj)
                              (--whole-archive)
zephyr/libzephyr.a(log_mgmt.c.obj)
                              (--whole-archive)
zephyr/libzephyr.a(log_cache.c.obj)
                              (--whole-archive)
zephyr/libzephyr.a(log_msg.c.obj)
                              (--whole-archive)
zephyr/libzephyr.a(log_output.c.obj)
                              (--whole-archive)
zephyr/libzephyr.a(log_backend_rtt.c.obj)
                              (--whole-archive)
zephyr/libzephyr.a(log_backend_uart.c.obj)
                              (--whole-archive)
zephyr/libzephyr.a(mem_attr.c.obj)
                              (--whole-archive)
zephyr/libzephyr.a(device.c.obj)
                              (--whole-archive)
zephyr/libzephyr.a(device_runtime.c.obj)
                              (--whole-archive)
zephyr/libzephyr.a(tracing_none.c.obj)
                              (--whole-archive)
zephyr/libzephyr.a(banner.c.obj)
                              (--whole-archive)
zephyr/libzephyr.a(flash_map_partition_manager.c.obj)
                              (--whole-archive)
zephyr/libzephyr.a(nrf_cc3xx_platform_abort_zephyr.c.obj)
                              (--whole-archive)
zephyr/libzephyr.a(nrf_cc3xx_platform_mutex_zephyr.c.obj)
                              (--whole-archive)
zephyr/arch/common/libarch__common.a(sw_isr_common.c.obj)
                              (--whole-archive)
zephyr/arch/arch/arm/core/libarch__arm__core.a(fatal.c.obj)
                              (--whole-archive)
zephyr/arch/arch/arm/core/libarch__arm__core.a(nmi.c.obj)
                              (--whole-archive)
zephyr/arch/arch/arm/core/libarch__arm__core.a(nmi_on_reset.S.obj)
                              (--whole-archive)
zephyr/arch/arch/arm/core/libarch__arm__core.a(tls.c.obj)
                              (--whole-archive)
zephyr/arch/arch/arm/core/cortex_m/libarch__arm__core__cortex_m.a(exc_exit.c.obj)
                              (--whole-archive)
zephyr/arch/arch/arm/core/cortex_m/libarch__arm__core__cortex_m.a(fault.c.obj)
                              (--whole-archive)
zephyr/arch/arch/arm/core/cortex_m/libarch__arm__core__cortex_m.a(fault_s.S.obj)
                              (--whole-archive)
zephyr/arch/arch/arm/core/cortex_m/libarch__arm__core__cortex_m.a(fpu.c.obj)
                              (--whole-archive)
zephyr/arch/arch/arm/core/cortex_m/libarch__arm__core__cortex_m.a(reset.S.obj)
                              (--whole-archive)
zephyr/arch/arch/arm/core/cortex_m/libarch__arm__core__cortex_m.a(scb.c.obj)
                              (--whole-archive)
zephyr/arch/arch/arm/core/cortex_m/libarch__arm__core__cortex_m.a(thread_abort.c.obj)
                              (--whole-archive)
zephyr/arch/arch/arm/core/cortex_m/libarch__arm__core__cortex_m.a(vector_table.S.obj)
                              (--whole-archive)
zephyr/arch/arch/arm/core/cortex_m/libarch__arm__core__cortex_m.a(swap_helper.S.obj)
                              (--whole-archive)
zephyr/arch/arch/arm/core/cortex_m/libarch__arm__core__cortex_m.a(irq_manage.c.obj)
                              (--whole-archive)
zephyr/arch/arch/arm/core/cortex_m/libarch__arm__core__cortex_m.a(prep_c.c.obj)
                              (--whole-archive)
zephyr/arch/arch/arm/core/cortex_m/libarch__arm__core__cortex_m.a(thread.c.obj)
                              (--whole-archive)
[...]
Memory Configuration

Name             Origin             Length             Attributes
FLASH            0x0000000000000000 0x0000000000100000 xr
RAM              0x0000000020000000 0x0000000000040000 xw
IDT_LIST         0x00000000ffff7fff 0x0000000000008000 xw
*default*        0x0000000000000000 0xffffffffffffffff

Linker script and memory map

                0x0000000000007a70                vfprintf = __l_vfprintf
                0x0000000000000000                vfscanf = __l_vfscanf
LOAD zephyr/CMakeFiles/zephyr_pre0.dir/misc/empty_file.c.obj
LOAD zephyr/CMakeFiles/offsets.dir/./arch/arm/core/offsets/offsets.c.obj
LOAD app/libapp.a
LOAD zephyr/libzephyr.a
LOAD zephyr/arch/common/libarch__common.a
LOAD zephyr/arch/arch/arm/core/libarch__arm__core.a
LOAD zephyr/arch/arch/arm/core/cortex_m/libarch__arm__core__cortex_m.a
LOAD zephyr/arch/arch/arm/core/mpu/libarch__arm__core__mpu.a
LOAD zephyr/lib/libc/picolibc/liblib__libc__picolibc.a
LOAD zephyr/lib/libc/common/liblib__libc__common.a
LOAD zephyr/soc/soc/nrf52840/libsoc__nordic.a
LOAD zephyr/drivers/clock_control/libdrivers__clock_control.a
LOAD zephyr/drivers/console/libdrivers__console.a
LOAD zephyr/drivers/gpio/libdrivers__gpio.a
LOAD zephyr/drivers/pinctrl/libdrivers__pinctrl.a
LOAD zephyr/drivers/serial/libdrivers__serial.a
LOAD zephyr/drivers/timer/libdrivers__timer.a
LOAD modules/nrf/lib/multithreading_lock/lib..__nrf__lib__multithreading_lock.a
LOAD modules/nrf/subsys/esb/lib..__nrf__subsys__esb.a
LOAD modules/nrf/subsys/mpsl/fem/lib..__nrf__subsys__mpsl__fem.a
LOAD modules/nrf/drivers/hw_cc3xx/lib..__nrf__drivers__hw_cc3xx.a
LOAD modules/hal_nordic/modules/hal_nordic/nrfx/libmodules__hal_nordic__nrfx.a
LOAD modules/segger/libmodules__segger.a
LOAD zephyr/kernel/libkernel.a
LOAD zephyr/arch/common/libisr_tables.a
LOAD C:/ncs/v3.0.2/nrfxlib/crypto/nrf_cc310_platform/lib/cortex-m4/soft-float/no-interrupts/libnrf_cc310_platform_0.9.19.a
LOAD C:/ncs/v3.0.2/nrfxlib/mpsl/fem/common/lib/nrf52/soft-float/libmpsl_fem_common.a
LOAD C:/ncs/v3.0.2/nrfxlib/mpsl/fem/nrf21540_gpio/lib/nrf52/soft-float/libmpsl_fem_nrf21540_gpio.a
LOAD C:/ncs/v3.0.2/nrfxlib/mpsl/fem/nrf21540_gpio_spi/lib/nrf52/soft-float/libmpsl_fem_nrf21540_gpio_spi.a
LOAD C:/ncs/v3.0.2/nrfxlib/mpsl/fem/nrf2220/lib/nrf52/soft-float/libmpsl_fem_nrf2220.a
LOAD C:/ncs/v3.0.2/nrfxlib/mpsl/fem/nrf2240/lib/nrf52/soft-float/libmpsl_fem_nrf2240.a
LOAD C:/ncs/v3.0.2/nrfxlib/mpsl/fem/nrf22xx/lib/nrf52/soft-float/libmpsl_fem_nrf22xx.a
LOAD C:/ncs/v3.0.2/nrfxlib/mpsl/fem/simple_gpio/lib/nrf52/soft-float/libmpsl_fem_simple_gpio.a
LOAD C:/ncs/v3.0.2/nrfxlib/mpsl/lib/nrf52/soft-float/libmpsl.a
LOAD c:\ncs\toolchains\0b393f9e1b\opt\zephyr-sdk\arm-zephyr-eabi\bin\../lib/gcc/../../picolibc/arm-zephyr-eabi/lib/thumb/v7e-m/nofp\libc.a
LOAD c:/ncs/toolchains/0b393f9e1b/opt/zephyr-sdk/arm-zephyr-eabi/bin/../lib/gcc/arm-zephyr-eabi/12.2.0/thumb/v7e-m/nofp\libgcc.a
                0x0000000000000020                _region_min_align = 0x20

.rel.plt        0x0000000000000000        0x0
 *(SORT_BY_ALIGNMENT(.rel.plt))
                [!provide]                        PROVIDE (__rel_iplt_start = .)
 *(SORT_BY_ALIGNMENT(.rel.iplt))
 .rel.iplt      0x0000000000000000        0x0 app/libapp.a(main.c.obj)
                [!provide]                        PROVIDE (__rel_iplt_end = .)

.rela.plt       0x0000000000000000        0x0
 *(SORT_BY_ALIGNMENT(.rela.plt))
                [!provide]                        PROVIDE (__rela_iplt_start = .)
 *(SORT_BY_ALIGNMENT(.rela.iplt))
                [!provide]                        PROVIDE (__rela_iplt_end = .)

.rel.dyn
 *(SORT_BY_ALIGNMENT(.rel.*))

.rela.dyn
 *(SORT_BY_ALIGNMENT(.rela.*))

/DISCARD/
 *(SORT_BY_ALIGNMENT(.plt))

/DISCARD/
 *(SORT_BY_ALIGNMENT(.iplt))
                0x0000000000000000                __rom_region_start = 0x0

rom_start       0x0000000000000000      0x100
                0x0000000000000000                __rom_start_address = .
 FILL mask 0x00
                0x0000000000000000                . = (. + (0x0 - (. - __rom_start_address)))
                0x0000000000000000                . = ALIGN (0x4)
                0x0000000000000000                . = ALIGN (0x80)
                0x0000000000000000                . = ALIGN (0x100)
                0x0000000000000000                _vector_start = .
 *(SORT_BY_ALIGNMENT(.exc_vector_table))
 *(SORT_BY_ALIGNMENT(.exc_vector_table.*))
 .exc_vector_table._vector_table_section
                0x0000000000000000       0x40 zephyr/arch/arch/arm/core/cortex_m/libarch__arm__core__cortex_m.a(vector_table.S.obj)
                0x0000000000000000                _vector_table
 *(SORT_BY_ALIGNMENT(.vectors))
                0x0000000000000100                _vector_end = .
                0x0000000000000040                . = ALIGN (0x4)
 *(SORT_BY_ALIGNMENT(.gnu.linkonce.irq_vector_table*))
 .gnu.linkonce.irq_vector_table
                0x0000000000000040       0xc0 zephyr/arch/common/libisr_tables.a(isr_tables.c.obj)
                0x0000000000000040                _irq_vector_table
                0x0000000000000100                _vector_end = .

text            0x0000000000000100     0x9a2c
                0x0000000000000100                __text_region_start = .
 *(SORT_BY_ALIGNMENT(.text))
 .text          0x0000000000000100        0xc C:/ncs/v3.0.2/nrfxlib/mpsl/fem/common/lib/nrf52/soft-float/libmpsl_fem_common.a(libmpsl_fem_common_debug_soft__obfuscated.elf)
                0x0000000000000100                mpsl_fem_disable
 .text          0x000000000000010c        0xc C:/ncs/v3.0.2/nrfxlib/mpsl/fem/common/lib/nrf52/soft-float/libmpsl_fem_common.a(libmpsl_fem_common_debug_soft__obfuscated.elf)
                0x000000000000010c                mpsl_fem_pa_configuration_set
 .text          0x0000000000000118        0xc C:/ncs/v3.0.2/nrfxlib/mpsl/fem/common/lib/nrf52/soft-float/libmpsl_fem_common.a(libmpsl_fem_common_debug_soft__obfuscated.elf)
                0x0000000000000118                mpsl_fem_lna_configuration_set
 .text          0x0000000000000124        0xc C:/ncs/v3.0.2/nrfxlib/mpsl/fem/common/lib/nrf52/soft-float/libmpsl_fem_common.a(libmpsl_fem_common_debug_soft__obfuscated.elf)
                0x0000000000000124                mpsl_fem_pa_configuration_clear
 .text          0x0000000000000130        0xc C:/ncs/v3.0.2/nrfxlib/mpsl/fem/common/lib/nrf52/soft-float/libmpsl_fem_common.a(libmpsl_fem_common_debug_soft__obfuscated.elf)
                0x0000000000000130                mpsl_fem_lna_configuration_clear
 .text          0x000000000000013c        0xc C:/ncs/v3.0.2/nrfxlib/mpsl/fem/common/lib/nrf52/soft-float/libmpsl_fem_common.a(libmpsl_fem_common_debug_soft__obfuscated.elf)
                0x000000000000013c                mpsl_fem_deactivate_now
 .text          0x0000000000000148        0xc C:/ncs/v3.0.2/nrfxlib/mpsl/fem/common/lib/nrf52/soft-float/libmpsl_fem_common.a(libmpsl_fem_common_debug_soft__obfuscated.elf)
                0x0000000000000148                mpsl_fem_pa_power_control_set
 .text          0x0000000000000154       0x14 C:/ncs/v3.0.2/nrfxlib/mpsl/fem/common/lib/nrf52/soft-float/libmpsl_fem_common.a(libmpsl_fem_common_debug_soft__obfuscated.elf)
                0x0000000000000154                mpsl_fem_tx_power_split
 .text          0x0000000000000168       0x54 C:/ncs/v3.0.2/nrfxlib/mpsl/lib/nrf52/soft-float/libmpsl.a(libmpsl_debug_soft__obfuscated.elf)
                0x0000000000000168                sym_VWOYI7XCNXBFVPWSS6WFJ2CWKPJYCMRRQTU7QWQ
 .text          0x00000000000001bc       0x20 C:/ncs/v3.0.2/nrfxlib/mpsl/lib/nrf52/soft-float/libmpsl.a(libmpsl_debug_soft__obfuscated.elf)
                0x00000000000001bc                mpsl_tx_power_radio_supported_power_adjust
 .text          0x00000000000001dc       0x80 C:/ncs/v3.0.2/nrfxlib/mpsl/lib/nrf52/soft-float/libmpsl.a(libmpsl_debug_soft__obfuscated.elf)
                0x00000000000001dc                sym_JBMIQXYLJQQB56KLSIZ2WVKBMEMRZHLRBGLEPTA
 .text          0x000000000000025c       0x24 C:/ncs/v3.0.2/nrfxlib/mpsl/lib/nrf52/soft-float/libmpsl.a(libmpsl_debug_soft__obfuscated.elf)
 .text          0x0000000000000280       0x58 C:/ncs/v3.0.2/nrfxlib/mpsl/lib/nrf52/soft-float/libmpsl.a(libmpsl_debug_soft__obfuscated.elf)
                0x0000000000000280                sym_S2UAPMFVIQXDUOA6CV7GJMB33TYHEUH5D6LHO5Q
 .text          0x00000000000002d8       0x18 C:/ncs/v3.0.2/nrfxlib/mpsl/lib/nrf52/soft-float/libmpsl.a(libmpsl_debug_soft__obfuscated.elf)
                0x00000000000002d8                sym_CG4RHEKAJT5SDDAMNZDGCGOIJ7U3JN5EOJ5RYKA
 .text          0x00000000000002f0       0x14 C:/ncs/v3.0.2/nrfxlib/mpsl/lib/nrf52/soft-float/libmpsl.a(libmpsl_debug_soft__obfuscated.elf)
                0x00000000000002f0                sym_BN6ZO2NBHRGKZ2NRQYWFBXVGKNG6Y5K55UNAWGA
 .text          0x0000000000000304       0x14 C:/ncs/v3.0.2/nrfxlib/mpsl/lib/nrf52/soft-float/libmpsl.a(libmpsl_debug_soft__obfuscated.elf)
                0x0000000000000304                sym_5EMXP3L6SPQSCAJKKRH62ZOKJCCSKLI3WEX2WHY
 .text          0x0000000000000318       0x14 C:/ncs/v3.0.2/nrfxlib/mpsl/lib/nrf52/soft-float/libmpsl.a(libmpsl_debug_soft__obfuscated.elf)
                0x0000000000000318                sym_H2QJCU2ORTYAFBAQQ2FHUYIAZO4HCXEKCQ4SS2Q
 .text          0x000000000000032c       0x14 C:/ncs/v3.0.2/nrfxlib/mpsl/lib/nrf52/soft-float/libmpsl.a(libmpsl_debug_soft__obfuscated.elf)
                0x000000000000032c                sym_SWIBDSDMHUYNCG5ZWLB52J7NETJIUBPCO5IIQFA
 .text          0x0000000000000340       0x18 C:/ncs/v3.0.2/nrfxlib/mpsl/lib/nrf52/soft-float/libmpsl.a(libmpsl_debug_soft__obfuscated.elf)
                0x0000000000000340                sym_QPP3IZFSWHUV4JQ6ODMIVIARPB4PQYUFESV7BRQ
 .text          0x0000000000000358       0x14 C:/ncs/v3.0.2/nrfxlib/mpsl/lib/nrf52/soft-float/libmpsl.a(libmpsl_debug_soft__obfuscated.elf)
                0x0000000000000358                sym_6PVOPWDLWTXOTRZZ7LP36TLYTLPTQHNAUQNFHEA
 .text          0x000000000000036c       0x14 C:/ncs/v3.0.2/nrfxlib/mpsl/lib/nrf52/soft-float/libmpsl.a(libmpsl_debug_soft__obfuscated.elf)
                0x000000000000036c                sym_USR4MDT6VMTQLOGKNN4MALBZ3GJPD2KOEY4HFAQ
 .text          0x0000000000000380        0xe C:/ncs/v3.0.2/nrfxlib/mpsl/fem/common/lib/nrf52/soft-float/libmpsl_fem_common.a(libmpsl_fem_common_debug_soft__obfuscated.elf)
                0x0000000000000380                mpsl_fem_init
 .text          0x000000000000038e       0x20 C:/ncs/v3.0.2/nrfxlib/mpsl/fem/common/lib/nrf52/soft-float/libmpsl_fem_common.a(libmpsl_fem_common_debug_soft__obfuscated.elf)
                0x000000000000038e                sym_PX4SKXGNX25XLMGGWQM65ZRFHI6666YGHL6AYMA
 .text          0x00000000000003ae        0x6 C:/ncs/v3.0.2/nrfxlib/mpsl/fem/common/lib/nrf52/soft-float/libmpsl_fem_common.a(libmpsl_fem_common_debug_soft__obfuscated.elf)
 .text          0x00000000000003b4        0x2 C:/ncs/v3.0.2/nrfxlib/mpsl/fem/common/lib/nrf52/soft-float/libmpsl_fem_common.a(libmpsl_fem_common_debug_soft__obfuscated.elf)
 .text          0x00000000000003b6        0x4 C:/ncs/v3.0.2/nrfxlib/mpsl/fem/common/lib/nrf52/soft-float/libmpsl_fem_common.a(libmpsl_fem_common_debug_soft__obfuscated.elf)
 .text          0x00000000000003ba        0x6 C:/ncs/v3.0.2/nrfxlib/mpsl/fem/common/lib/nrf52/soft-float/libmpsl_fem_common.a(libmpsl_fem_common_debug_soft__obfuscated.elf)
 .text          0x00000000000003c0        0x6 C:/ncs/v3.0.2/nrfxlib/mpsl/fem/common/lib/nrf52/soft-float/libmpsl_fem_common.a(libmpsl_fem_common_debug_soft__obfuscated.elf)
 .text          0x00000000000003c6        0x2 C:/ncs/v3.0.2/nrfxlib/mpsl/fem/common/lib/nrf52/soft-float/libmpsl_fem_common.a(libmpsl_fem_common_debug_soft__obfuscated.elf)
 .text          0x00000000000003c8        0x6 C:/ncs/v3.0.2/nrfxlib/mpsl/fem/common/lib/nrf52/soft-float/libmpsl_fem_common.a(libmpsl_fem_common_debug_soft__obfuscated.elf)
 .text          0x00000000000003ce        0x4 C:/ncs/v3.0.2/nrfxlib/mpsl/fem/common/lib/nrf52/soft-float/libmpsl_fem_common.a(libmpsl_fem_common_debug_soft__obfuscated.elf)
 .text          0x00000000000003d2        0x4 C:/ncs/v3.0.2/nrfxlib/mpsl/fem/common/lib/nrf52/soft-float/libmpsl_fem_common.a(libmpsl_fem_common_debug_soft__obfuscated.elf)
 .text          0x00000000000003d6        0x6 C:/ncs/v3.0.2/nrfxlib/mpsl/fem/common/lib/nrf52/soft-float/libmpsl_fem_common.a(libmpsl_fem_common_debug_soft__obfuscated.elf)
 .text          0x00000000000003dc        0x6 C:/ncs/v3.0.2/nrfxlib/mpsl/fem/common/lib/nrf52/soft-float/libmpsl_fem_common.a(libmpsl_fem_common_debug_soft__obfuscated.elf)
 .text          0x00000000000003e2        0x4 C:/ncs/v3.0.2/nrfxlib/mpsl/fem/common/lib/nrf52/soft-float/libmpsl_fem_common.a(libmpsl_fem_common_debug_soft__obfuscated.elf)
 .text          0x00000000000003e6        0x6 C:/ncs/v3.0.2/nrfxlib/mpsl/fem/common/lib/nrf52/soft-float/libmpsl_fem_common.a(libmpsl_fem_common_debug_soft__obfuscated.elf)
 .text          0x00000000000003ec        0x6 C:/ncs/v3.0.2/nrfxlib/mpsl/fem/common/lib/nrf52/soft-float/libmpsl_fem_common.a(libmpsl_fem_common_debug_soft__obfuscated.elf)
 .text          0x00000000000003f2        0x6 C:/ncs/v3.0.2/nrfxlib/mpsl/fem/common/lib/nrf52/soft-float/libmpsl_fem_common.a(libmpsl_fem_common_debug_soft__obfuscated.elf)
 .text          0x00000000000003f8        0x2 C:/ncs/v3.0.2/nrfxlib/mpsl/fem/common/lib/nrf52/soft-float/libmpsl_fem_common.a(libmpsl_fem_common_debug_soft__obfuscated.elf)
 .text          0x00000000000003fa        0xc C:/ncs/v3.0.2/nrfxlib/mpsl/lib/nrf52/soft-float/libmpsl.a(libmpsl_debug_soft__obfuscated.elf)
 .text          0x0000000000000406        0x4 C:/ncs/v3.0.2/nrfxlib/mpsl/lib/nrf52/soft-float/libmpsl.a(libmpsl_debug_soft__obfuscated.elf)
 .text          0x000000000000040a        0x8 C:/ncs/v3.0.2/nrfxlib/mpsl/lib/nrf52/soft-float/libmpsl.a(libmpsl_debug_soft__obfuscated.elf)
 .text          0x0000000000000412        0x4 C:/ncs/v3.0.2/nrfxlib/mpsl/lib/nrf52/soft-float/libmpsl.a(libmpsl_debug_soft__obfuscated.elf)
 .text          0x0000000000000416        0x4 C:/ncs/v3.0.2/nrfxlib/mpsl/lib/nrf52/soft-float/libmpsl.a(libmpsl_debug_soft__obfuscated.elf)
 .text          0x000000000000041a       0x10 c:\ncs\toolchains\0b393f9e1b\opt\zephyr-sdk\arm-zephyr-eabi\bin\../lib/gcc/../../picolibc/arm-zephyr-eabi/lib/thumb/v7e-m/nofp\libc.a(strlen.S.o)
                0x000000000000041a                strlen
 *(SORT_BY_ALIGNMENT(.text.*))
 *fill*         0x000000000000042a        0x2 
 .text.pin_activity_handler
                0x000000000000042c       0x20 app/libapp.a(main.c.obj)
                0x000000000000042c                pin_activity_handler
 .text.set_led_status
                0x000000000000044c       0x5c app/libapp.a(main.c.obj)
                0x000000000000044c                set_led_status
 .text.enter_low_power
                0x00000000000004a8       0x24 app/libapp.a(main.c.obj)
                0x00000000000004a8                enter_low_power
 .text.sample_and_transmit
                0x00000000000004cc       0xa4 app/libapp.a(main.c.obj)
                0x00000000000004cc                sample_and_transmit
 .text.main     0x0000000000000570      0x21c app/libapp.a(main.c.obj)
                0x0000000000000570                main
 .text.cbvprintf_package
                0x000000000000078c      0x3a4 zephyr/libzephyr.a(cbprintf_packaged.c.obj)
                0x000000000000078c                cbvprintf_package
 .text.cbprintf_package_convert
                0x0000000000000b30      0x3cc zephyr/libzephyr.a(cbprintf_packaged.c.obj)
                0x0000000000000b30                cbprintf_package_convert
 .text.__printk_hook_install
                0x0000000000000efc        0xc zephyr/libzephyr.a(printk.c.obj)
                0x0000000000000efc                __printk_hook_install
 .text.z_thread_entry
                0x0000000000000f08       0x34 zephyr/libzephyr.a(thread_entry.c.obj)
                0x0000000000000f08                z_thread_entry
 .text.process_event
                0x0000000000000f3c      0x21c zephyr/libzephyr.a(onoff.c.obj)
 .text.activate_foreach_backend
                0x0000000000001158       0x64 zephyr/libzephyr.a(log_core.c.obj)
 .text.enable_logger
                0x00000000000011bc       0x5c zephyr/libzephyr.a(log_core.c.obj)
 .text.log_process_thread_timer_expiry_fn
                0x0000000000001218        0xc zephyr/libzephyr.a(log_core.c.obj)
 .text.z_log_init
                0x0000000000001224       0x90 zephyr/libzephyr.a(log_core.c.obj)
 .text.log_format_func_t_get
                0x00000000000012b4        0xc zephyr/libzephyr.a(log_core.c.obj)
                0x00000000000012b4                log_format_func_t_get
 .text.log_set_timestamp_func
                0x00000000000012c0       0x20 zephyr/libzephyr.a(log_core.c.obj)
                0x00000000000012c0                log_set_timestamp_func
 .text.z_log_notify_backend_enabled
                0x00000000000012e0       0x1c zephyr/libzephyr.a(log_core.c.obj)
                0x00000000000012e0                z_log_notify_backend_enabled
 .text.z_log_dropped
                0x00000000000012fc       0x44 zephyr/libzephyr.a(log_core.c.obj)
                0x00000000000012fc                z_log_dropped
 .text.z_log_dropped_read_and_clear
                0x0000000000001340       0x20 zephyr/libzephyr.a(log_core.c.obj)
                0x0000000000001340                z_log_dropped_read_and_clear
 .text.dropped_notify
                0x0000000000001360       0x30 zephyr/libzephyr.a(log_core.c.obj)
                0x0000000000001360                dropped_notify
 .text.z_log_msg_init
                0x0000000000001390       0x20 zephyr/libzephyr.a(log_core.c.obj)
                0x0000000000001390                z_log_msg_init
 .text.log_core_init
                0x00000000000013b0       0x34 zephyr/libzephyr.a(log_core.c.obj)
                0x00000000000013b0                log_core_init
 .text.z_log_msg_alloc
                0x00000000000013e4       0x10 zephyr/libzephyr.a(log_core.c.obj)
                0x00000000000013e4                z_log_msg_alloc
 .text.z_log_msg_local_claim
                0x00000000000013f4        0xc zephyr/libzephyr.a(log_core.c.obj)
                0x00000000000013f4                z_log_msg_local_claim
 .text.z_log_msg_free
                0x0000000000001400       0x10 zephyr/libzephyr.a(log_core.c.obj)
                0x0000000000001400                z_log_msg_free
 .text.z_log_msg_pending
                0x0000000000001410        0xc zephyr/libzephyr.a(log_core.c.obj)
                0x0000000000001410                z_log_msg_pending
 .text.z_impl_log_process
                0x000000000000141c       0xbc zephyr/libzephyr.a(log_core.c.obj)
                0x000000000000141c                z_impl_log_process
 .text.z_impl_log_panic
                0x00000000000014d8       0x44 zephyr/libzephyr.a(log_core.c.obj)
                0x00000000000014d8                z_impl_log_panic
 .text.log_process_thread_func
                0x000000000000151c       0xa4 zephyr/libzephyr.a(log_core.c.obj)
 .text.z_log_msg_post_finalize
                0x00000000000015c0       0x78 zephyr/libzephyr.a(log_core.c.obj)
 .text.z_log_msg_commit
                0x0000000000001638       0x24 zephyr/libzephyr.a(log_core.c.obj)
                0x0000000000001638                z_log_msg_commit
 .text.log_source_name_get
                0x000000000000165c       0x1c zephyr/libzephyr.a(log_mgmt.c.obj)
                0x000000000000165c                log_source_name_get
 .text.log_backend_enable
                0x0000000000001678       0x28 zephyr/libzephyr.a(log_mgmt.c.obj)
                0x0000000000001678                log_backend_enable
 .text.z_impl_z_log_msg_static_create
                0x00000000000016a0      0x108 zephyr/libzephyr.a(log_msg.c.obj)
                0x00000000000016a0                z_impl_z_log_msg_static_create
 .text.z_log_msg_runtime_vcreate
                0x00000000000017a8       0xa0 zephyr/libzephyr.a(log_msg.c.obj)
                0x00000000000017a8                z_log_msg_runtime_vcreate
 .text.log_msg_get_source_id
                0x0000000000001848       0x18 zephyr/libzephyr.a(log_msg.c.obj)
                0x0000000000001848                log_msg_get_source_id
 .text.print_formatted
                0x0000000000001860       0x24 zephyr/libzephyr.a(log_output.c.obj)
 .text.newline_print
                0x0000000000001884       0x1c zephyr/libzephyr.a(log_output.c.obj)
 .text.log_output_process
                0x00000000000018a0      0x2d4 zephyr/libzephyr.a(log_output.c.obj)
                0x00000000000018a0                log_output_process
 .text.log_output_dropped_process
                0x0000000000001b74       0x58 zephyr/libzephyr.a(log_output.c.obj)
                0x0000000000001b74                log_output_dropped_process
 .text.log_output_timestamp_freq_set
                0x0000000000001bcc       0x2c zephyr/libzephyr.a(log_output.c.obj)
                0x0000000000001bcc                log_output_timestamp_freq_set
 .text.log_backend_rtt_init
                0x0000000000001bf8        0xc zephyr/libzephyr.a(log_backend_rtt.c.obj)
 .text.format_set
                0x0000000000001c04        0xc zephyr/libzephyr.a(log_backend_rtt.c.obj)
 .text.dropped  0x0000000000001c10        0xc zephyr/libzephyr.a(log_backend_rtt.c.obj)
 .text.process  0x0000000000001c1c       0x24 zephyr/libzephyr.a(log_backend_rtt.c.obj)
 .text.panic    0x0000000000001c40       0x34 zephyr/libzephyr.a(log_backend_rtt.c.obj)
 .text.on_failed_write
                0x0000000000001c74       0x28 zephyr/libzephyr.a(log_backend_rtt.c.obj)
 .text.data_out_block_mode
                0x0000000000001c9c       0x88 zephyr/libzephyr.a(log_backend_rtt.c.obj)
 .text.panic    0x0000000000001d24       0x3c zephyr/libzephyr.a(log_backend_uart.c.obj)
 .text.char_out
                0x0000000000001d60       0x38 zephyr/libzephyr.a(log_backend_uart.c.obj)
 .text.mem_attr_get_regions
                0x0000000000001d98        0xc zephyr/libzephyr.a(mem_attr.c.obj)
                0x0000000000001d98                mem_attr_get_regions
 .text.runtime_suspend.isra.0
                0x0000000000001da4       0xac zephyr/libzephyr.a(device_runtime.c.obj)
 .text.pm_device_runtime_get
                0x0000000000001e50      0x188 zephyr/libzephyr.a(device_runtime.c.obj)
                0x0000000000001e50                pm_device_runtime_get
 .text.pm_device_runtime_enable
                0x0000000000001fd8       0xe8 zephyr/libzephyr.a(device_runtime.c.obj)
                0x0000000000001fd8                pm_device_runtime_enable
 .text.boot_banner
                0x00000000000020c0       0x1c zephyr/libzephyr.a(banner.c.obj)
                0x00000000000020c0                boot_banner
 .text.nrf_cc3xx_platform_abort_init
                0x00000000000020dc        0xc zephyr/libzephyr.a(nrf_cc3xx_platform_abort_zephyr.c.obj)
                0x00000000000020dc                nrf_cc3xx_platform_abort_init
 .text.mutex_free_platform
                0x00000000000020e8       0x54 zephyr/libzephyr.a(nrf_cc3xx_platform_mutex_zephyr.c.obj)
 .text.mutex_lock_platform
                0x000000000000213c       0x60 zephyr/libzephyr.a(nrf_cc3xx_platform_mutex_zephyr.c.obj)
 .text.mutex_unlock_platform
                0x000000000000219c       0x58 zephyr/libzephyr.a(nrf_cc3xx_platform_mutex_zephyr.c.obj)
 .text.mutex_init_platform
                0x00000000000021f4       0x94 zephyr/libzephyr.a(nrf_cc3xx_platform_mutex_zephyr.c.obj)
 .text.nrf_cc3xx_platform_mutex_init
                0x0000000000002288       0x2c zephyr/libzephyr.a(nrf_cc3xx_platform_mutex_zephyr.c.obj)
                0x0000000000002288                nrf_cc3xx_platform_mutex_init
 .text.z_arm_fatal_error
                0x00000000000022b4       0xb8 zephyr/arch/arch/arm/core/libarch__arm__core.a(fatal.c.obj)
                0x00000000000022b4                z_arm_fatal_error
 .text.z_SysNmiOnReset
                0x000000000000236c        0x8 zephyr/arch/arch/arm/core/libarch__arm__core.a(nmi_on_reset.S.obj)
                0x000000000000236c                z_SysNmiOnReset
 .text.arch_tls_stack_setup
                0x0000000000002374       0x40 zephyr/arch/arch/arm/core/libarch__arm__core.a(tls.c.obj)
                0x0000000000002374                arch_tls_stack_setup
 .text._HandlerModeExit
                0x00000000000023b4       0x28 zephyr/arch/arch/arm/core/cortex_m/libarch__arm__core__cortex_m.a(exc_exit.c.obj)
                0x00000000000023b4                z_arm_int_exit
                0x00000000000023b4                z_arm_exc_exit
 .text.bus_fault.constprop.0
                0x00000000000023dc       0xd0 zephyr/arch/arch/arm/core/cortex_m/libarch__arm__core__cortex_m.a(fault.c.obj)
 .text.usage_fault.constprop.0
                0x00000000000024ac       0xa8 zephyr/arch/arch/arm/core/cortex_m/libarch__arm__core__cortex_m.a(fault.c.obj)
 .text.mem_manage_fault
                0x0000000000002554      0x104 zephyr/arch/arch/arm/core/cortex_m/libarch__arm__core__cortex_m.a(fault.c.obj)
 .text.z_arm_fault
                0x0000000000002658      0x1d4 zephyr/arch/arch/arm/core/cortex_m/libarch__arm__core__cortex_m.a(fault.c.obj)
                0x0000000000002658                z_arm_fault
 .text.z_arm_fault_init
                0x000000000000282c       0x18 zephyr/arch/arch/arm/core/cortex_m/libarch__arm__core__cortex_m.a(fault.c.obj)
                0x000000000000282c                z_arm_fault_init
 .text.__fault  0x0000000000002844       0x14 zephyr/arch/arch/arm/core/cortex_m/libarch__arm__core__cortex_m.a(fault_s.S.obj)
                0x0000000000002844                z_arm_usage_fault
                0x0000000000002844                z_arm_mpu_fault
                0x0000000000002844                z_arm_exc_spurious
                0x0000000000002844                z_arm_debug_monitor
                0x0000000000002844                z_arm_hard_fault
                0x0000000000002844                z_arm_bus_fault
 .text._reset_section
                0x0000000000002858       0x54 zephyr/arch/arch/arm/core/cortex_m/libarch__arm__core__cortex_m.a(reset.S.obj)
                0x0000000000002858                __start
                0x0000000000002858                z_arm_reset
 .text.z_arm_clear_arm_mpu_config
                0x00000000000028ac       0x24 zephyr/arch/arch/arm/core/cortex_m/libarch__arm__core__cortex_m.a(scb.c.obj)
                0x00000000000028ac                z_arm_clear_arm_mpu_config
 .text.z_arm_init_arch_hw_at_boot
                0x00000000000028d0       0x64 zephyr/arch/arch/arm/core/cortex_m/libarch__arm__core__cortex_m.a(scb.c.obj)
                0x00000000000028d0                z_arm_init_arch_hw_at_boot
 .text.z_impl_k_thread_abort
                0x0000000000002934       0x2c zephyr/arch/arch/arm/core/cortex_m/libarch__arm__core__cortex_m.a(thread_abort.c.obj)
                0x0000000000002934                z_impl_k_thread_abort
 .text.z_arm_pendsv
                0x0000000000002960       0x68 zephyr/arch/arch/arm/core/cortex_m/libarch__arm__core__cortex_m.a(swap_helper.S.obj)
                0x0000000000002960                z_arm_pendsv
 .text.z_arm_svc
                0x00000000000029c8       0x24 zephyr/arch/arch/arm/core/cortex_m/libarch__arm__core__cortex_m.a(swap_helper.S.obj)
                0x00000000000029c8                z_arm_svc
 .text.arch_irq_enable
                0x00000000000029ec       0x1c zephyr/arch/arch/arm/core/cortex_m/libarch__arm__core__cortex_m.a(irq_manage.c.obj)
                0x00000000000029ec                arch_irq_enable
 .text.arch_irq_disable
                0x0000000000002a08       0x28 zephyr/arch/arch/arm/core/cortex_m/libarch__arm__core__cortex_m.a(irq_manage.c.obj)
                0x0000000000002a08                arch_irq_disable
 .text.arch_irq_is_enabled
                0x0000000000002a30       0x1c zephyr/arch/arch/arm/core/cortex_m/libarch__arm__core__cortex_m.a(irq_manage.c.obj)
                0x0000000000002a30                arch_irq_is_enabled
 .text.z_arm_irq_priority_set
                0x0000000000002a4c       0x34 zephyr/arch/arch/arm/core/cortex_m/libarch__arm__core__cortex_m.a(irq_manage.c.obj)
                0x0000000000002a4c                z_arm_irq_priority_set
 .text.z_prep_c
                0x0000000000002a80       0x38 zephyr/arch/arch/arm/core/cortex_m/libarch__arm__core__cortex_m.a(prep_c.c.obj)
                0x0000000000002a80                z_prep_c
 .text.arch_new_thread
                0x0000000000002ab8       0x38 zephyr/arch/arch/arm/core/cortex_m/libarch__arm__core__cortex_m.a(thread.c.obj)
                0x0000000000002ab8                arch_new_thread
 .text.z_check_thread_stack_fail
                0x0000000000002af0       0x2c zephyr/arch/arch/arm/core/cortex_m/libarch__arm__core__cortex_m.a(thread.c.obj)
                0x0000000000002af0                z_check_thread_stack_fail
 .text.arch_switch_to_main_thread
                0x0000000000002b1c       0x40 zephyr/arch/arch/arm/core/cortex_m/libarch__arm__core__cortex_m.a(thread.c.obj)
                0x0000000000002b1c                arch_switch_to_main_thread
 .text.z_arm_cpu_idle_init
                0x0000000000002b5c        0xc zephyr/arch/arch/arm/core/cortex_m/libarch__arm__core__cortex_m.a(cpu_idle.c.obj)
                0x0000000000002b5c                z_arm_cpu_idle_init
 .text.z_arm_interrupt_init
                0x0000000000002b68       0x18 zephyr/arch/arch/arm/core/cortex_m/libarch__arm__core__cortex_m.a(irq_init.c.obj)
                0x0000000000002b68                z_arm_interrupt_init
 .text._isr_wrapper
                0x0000000000002b80       0x24 zephyr/arch/arch/arm/core/cortex_m/libarch__arm__core__cortex_m.a(isr_wrapper.c.obj)
                0x0000000000002b80                _isr_wrapper
 .text.z_arm_configure_static_mpu_regions
                0x0000000000002ba4       0x18 zephyr/arch/arch/arm/core/mpu/libarch__arm__core__mpu.a(arm_core_mpu.c.obj)
                0x0000000000002ba4                z_arm_configure_static_mpu_regions
 .text.z_arm_configure_dynamic_mpu_regions
                0x0000000000002bbc       0x20 zephyr/arch/arch/arm/core/mpu/libarch__arm__core__mpu.a(arm_core_mpu.c.obj)
                0x0000000000002bbc                z_arm_configure_dynamic_mpu_regions
 .text.region_allocate_and_init
                0x0000000000002bdc       0x54 zephyr/arch/arch/arm/core/mpu/libarch__arm__core__mpu.a(arm_mpu.c.obj)
 .text.mpu_configure_regions
                0x0000000000002c30       0x68 zephyr/arch/arch/arm/core/mpu/libarch__arm__core__mpu.a(arm_mpu.c.obj)
 .text.arm_core_mpu_enable
                0x0000000000002c98       0x18 zephyr/arch/arch/arm/core/mpu/libarch__arm__core__mpu.a(arm_mpu.c.obj)
                0x0000000000002c98                arm_core_mpu_enable
 .text.arm_core_mpu_disable
                0x0000000000002cb0       0x14 zephyr/arch/arch/arm/core/mpu/libarch__arm__core__mpu.a(arm_mpu.c.obj)
                0x0000000000002cb0                arm_core_mpu_disable
 .text.arm_core_mpu_configure_static_mpu_regions
                0x0000000000002cc4       0x14 zephyr/arch/arch/arm/core/mpu/libarch__arm__core__mpu.a(arm_mpu.c.obj)
                0x0000000000002cc4                arm_core_mpu_configure_static_mpu_regions
 .text.arm_core_mpu_configure_dynamic_mpu_regions
                0x0000000000002cd8       0x38 zephyr/arch/arch/arm/core/mpu/libarch__arm__core__mpu.a(arm_mpu.c.obj)
                0x0000000000002cd8                arm_core_mpu_configure_dynamic_mpu_regions
 .text.z_arm_mpu_init
                0x0000000000002d10      0x17c zephyr/arch/arch/arm/core/mpu/libarch__arm__core__mpu.a(arm_mpu.c.obj)
                0x0000000000002d10                z_arm_mpu_init
 .text.cbvprintf
                0x0000000000002e8c       0x38 zephyr/lib/libc/picolibc/liblib__libc__picolibc.a(cbprintf.c.obj)
                0x0000000000002e8c                cbvprintf
 .text.z_impl_zephyr_fputc
                0x0000000000002ec4       0x10 zephyr/lib/libc/picolibc/liblib__libc__picolibc.a(stdio.c.obj)
                0x0000000000002ec4                z_impl_zephyr_fputc
 .text.__stdout_hook_install
                0x0000000000002ed4       0x18 zephyr/lib/libc/picolibc/liblib__libc__picolibc.a(stdio.c.obj)
                0x0000000000002ed4                __stdout_hook_install
 .text.malloc_prepare
                0x0000000000002eec       0x24 zephyr/lib/libc/common/liblib__libc__common.a(malloc.c.obj)
 .text.nordicsemi_nrf52_init
                0x0000000000002f10       0x44 zephyr/soc/soc/nrf52840/libsoc__nordic.a(soc.c.obj)
 .text.arch_busy_wait
                0x0000000000002f54       0x14 zephyr/soc/soc/nrf52840/libsoc__nordic.a(soc.c.obj)
                0x0000000000002f54                arch_busy_wait
 .text.onoff_stop
                0x0000000000002f68       0x30 zephyr/drivers/clock_control/libdrivers__clock_control.a(clock_control_nrf.c.obj)
 .text.onoff_start
                0x0000000000002f98       0x44 zephyr/drivers/clock_control/libdrivers__clock_control.a(clock_control_nrf.c.obj)
 .text.generic_hfclk_stop
                0x0000000000002fdc       0x34 zephyr/drivers/clock_control/libdrivers__clock_control.a(clock_control_nrf.c.obj)
 .text.clk_init
                0x0000000000003010       0x58 zephyr/drivers/clock_control/libdrivers__clock_control.a(clock_control_nrf.c.obj)
 .text.api_blocking_start
                0x0000000000003068       0x34 zephyr/drivers/clock_control/libdrivers__clock_control.a(clock_control_nrf.c.obj)
 .text.clkstarted_handle.constprop.0
                0x000000000000309c       0x4c zephyr/drivers/clock_control/libdrivers__clock_control.a(clock_control_nrf.c.obj)
 .text.generic_hfclk_start
                0x00000000000030e8       0x78 zephyr/drivers/clock_control/libdrivers__clock_control.a(clock_control_nrf.c.obj)
 .text.clock_event_handler
                0x0000000000003160       0x1c zephyr/drivers/clock_control/libdrivers__clock_control.a(clock_control_nrf.c.obj)
 .text.z_nrf_clock_control_lf_on
                0x000000000000317c       0xfc zephyr/drivers/clock_control/libdrivers__clock_control.a(clock_control_nrf.c.obj)
                0x000000000000317c                z_nrf_clock_control_lf_on
 .text.uart_console_init
                0x0000000000003278       0x28 zephyr/drivers/console/libdrivers__console.a(uart_console.c.obj)
 .text.console_out
                0x00000000000032a0       0x3c zephyr/drivers/console/libdrivers__console.a(uart_console.c.obj)
 .text.gpio_nrfx_pin_interrupt_configure
                0x00000000000032dc      0x100 zephyr/drivers/gpio/libdrivers__gpio.a(gpio_nrfx.c.obj)
 .text.gpio_nrfx_init
                0x00000000000033dc       0x48 zephyr/drivers/gpio/libdrivers__gpio.a(gpio_nrfx.c.obj)
 .text.nrfx_gpio_handler
                0x0000000000003424       0x4c zephyr/drivers/gpio/libdrivers__gpio.a(gpio_nrfx.c.obj)
 .text.gpio_nrfx_pin_configure
                0x0000000000003470      0x18c zephyr/drivers/gpio/libdrivers__gpio.a(gpio_nrfx.c.obj)
 .text.nrf_gpio_pin_port_decode
                0x00000000000035fc       0x20 zephyr/drivers/pinctrl/libdrivers__pinctrl.a(pinctrl_nrf.c.obj)
 .text.pinctrl_configure_pins
                0x000000000000361c      0x1a4 zephyr/drivers/pinctrl/libdrivers__pinctrl.a(pinctrl_nrf.c.obj)
                0x000000000000361c                pinctrl_configure_pins
 .text.uarte_0_init
                0x00000000000037c0       0xe4 zephyr/drivers/serial/libdrivers__serial.a(uart_nrfx_uarte.c.obj)
 .text.uarte_nrfx_poll_out
                0x00000000000038a4       0xdc zephyr/drivers/serial/libdrivers__serial.a(uart_nrfx_uarte.c.obj)
 .text.compare_int_lock
                0x0000000000003980       0x48 zephyr/drivers/timer/libdrivers__timer.a(nrf_rtc_timer.c.obj)
 .text.sys_clock_timeout_handler
                0x00000000000039c8       0x48 zephyr/drivers/timer/libdrivers__timer.a(nrf_rtc_timer.c.obj)
 .text.compare_int_unlock
                0x0000000000003a10       0x5c zephyr/drivers/timer/libdrivers__timer.a(nrf_rtc_timer.c.obj)
 .text.z_nrf_rtc_timer_read
                0x0000000000003a6c       0x44 zephyr/drivers/timer/libdrivers__timer.a(nrf_rtc_timer.c.obj)
                0x0000000000003a6c                z_nrf_rtc_timer_read
 .text.compare_set
                0x0000000000003ab0      0x130 zephyr/drivers/timer/libdrivers__timer.a(nrf_rtc_timer.c.obj)
 .text.sys_clock_driver_init
                0x0000000000003be0       0x90 zephyr/drivers/timer/libdrivers__timer.a(nrf_rtc_timer.c.obj)
 .text.rtc_nrf_isr
                0x0000000000003c70       0xc4 zephyr/drivers/timer/libdrivers__timer.a(nrf_rtc_timer.c.obj)
                0x0000000000003c70                rtc_nrf_isr
 .text.sys_clock_set_timeout
                0x0000000000003d34       0x5c zephyr/drivers/timer/libdrivers__timer.a(nrf_rtc_timer.c.obj)
                0x0000000000003d34                sys_clock_set_timeout
 .text.sys_clock_elapsed
                0x0000000000003d90       0x14 zephyr/drivers/timer/libdrivers__timer.a(nrf_rtc_timer.c.obj)
                0x0000000000003d90                sys_clock_elapsed
 .text.update_radio_bitrate
                0x0000000000003da4       0x3c modules/nrf/subsys/esb/lib..__nrf__subsys__esb.a(esb.c.obj)
 .text.reset_fifos
                0x0000000000003de0       0x1c modules/nrf/subsys/esb/lib..__nrf__subsys__esb.a(esb.c.obj)
 .text.esb_timer_handler
                0x0000000000003dfc       0x1c modules/nrf/subsys/esb/lib..__nrf__subsys__esb.a(esb.c.obj)
 .text.esb_fem_for_tx_set
                0x0000000000003e18       0x4c modules/nrf/subsys/esb/lib..__nrf__subsys__esb.a(esb.c.obj)
 .text.esb_fem_reset
                0x0000000000003e64       0x2c modules/nrf/subsys/esb/lib..__nrf__subsys__esb.a(esb.c.obj)
 .text.update_radio_tx_power
                0x0000000000003e90       0x3c modules/nrf/subsys/esb/lib..__nrf__subsys__esb.a(esb.c.obj)
 .text.tx_fifo_remove_last.part.0
                0x0000000000003ecc       0x30 modules/nrf/subsys/esb/lib..__nrf__subsys__esb.a(esb.c.obj)
 .text.rx_fifo_push_rfbuf.part.0
                0x0000000000003efc       0xa4 modules/nrf/subsys/esb/lib..__nrf__subsys__esb.a(esb.c.obj)
 .text.nrf_radio_packet_configure.constprop.0
                0x0000000000003fa0       0x58 modules/nrf/subsys/esb/lib..__nrf__subsys__esb.a(esb.c.obj)
 .text.update_rf_payload_format_esb
                0x0000000000003ff8       0x40 modules/nrf/subsys/esb/lib..__nrf__subsys__esb.a(esb.c.obj)
 .text.update_rf_payload_format_esb_dpl
                0x0000000000004038       0x58 modules/nrf/subsys/esb/lib..__nrf__subsys__esb.a(esb.c.obj)
 .text.start_tx_transaction
                0x0000000000004090      0x1ac modules/nrf/subsys/esb/lib..__nrf__subsys__esb.a(esb.c.obj)
 .text.esb_radio_direct_irq_handler
                0x000000000000423c       0x64 modules/nrf/subsys/esb/lib..__nrf__subsys__esb.a(esb.c.obj)
                0x000000000000423c                esb_radio_direct_irq_handler
 .text.esb_evt_direct_irq_handler
                0x00000000000042a0       0x7c modules/nrf/subsys/esb/lib..__nrf__subsys__esb.a(esb.c.obj)
                0x00000000000042a0                esb_evt_direct_irq_handler
 .text.update_radio_addresses
                0x000000000000431c       0xec modules/nrf/subsys/esb/lib..__nrf__subsys__esb.a(esb.c.obj)
 .text.on_radio_disabled_tx_noack
                0x0000000000004408       0x70 modules/nrf/subsys/esb/lib..__nrf__subsys__esb.a(esb.c.obj)
 .text.esb_fem_for_rx_ack
                0x0000000000004478       0x30 modules/nrf/subsys/esb/lib..__nrf__subsys__esb.a(esb.c.obj)
                0x0000000000004478                esb_fem_for_rx_ack
 .text.on_radio_disabled_tx
                0x00000000000044a8       0xbc modules/nrf/subsys/esb/lib..__nrf__subsys__esb.a(esb.c.obj)
 .text.esb_fem_for_tx_retry
                0x0000000000004564       0x38 modules/nrf/subsys/esb/lib..__nrf__subsys__esb.a(esb.c.obj)
                0x0000000000004564                esb_fem_for_tx_retry
 .text.esb_fem_for_tx_retry_clear
                0x000000000000459c       0x2c modules/nrf/subsys/esb/lib..__nrf__subsys__esb.a(esb.c.obj)
                0x000000000000459c                esb_fem_for_tx_retry_clear
 .text.on_radio_disabled_tx_wait_for_ack
                0x00000000000045c8      0x190 modules/nrf/subsys/esb/lib..__nrf__subsys__esb.a(esb.c.obj)
 .text.esb_disable
                0x0000000000004758       0x70 modules/nrf/subsys/esb/lib..__nrf__subsys__esb.a(esb.c.obj)
                0x0000000000004758                esb_disable
 .text.esb_init
                0x00000000000047c8      0x230 modules/nrf/subsys/esb/lib..__nrf__subsys__esb.a(esb.c.obj)
                0x00000000000047c8                esb_init
 .text.esb_write_payload
                0x00000000000049f8      0x174 modules/nrf/subsys/esb/lib..__nrf__subsys__esb.a(esb.c.obj)
                0x00000000000049f8                esb_write_payload
 .text.esb_set_base_address_0
                0x0000000000004b6c       0x34 modules/nrf/subsys/esb/lib..__nrf__subsys__esb.a(esb.c.obj)
                0x0000000000004b6c                esb_set_base_address_0
 .text.esb_set_prefixes
                0x0000000000004ba0       0x50 modules/nrf/subsys/esb/lib..__nrf__subsys__esb.a(esb.c.obj)
                0x0000000000004ba0                esb_set_prefixes
 .text.esb_ppi_for_fem_set
                0x0000000000004bf0       0x38 modules/nrf/subsys/esb/lib..__nrf__subsys__esb.a(esb_ppi.c.obj)
                0x0000000000004bf0                esb_ppi_for_fem_set
 .text.esb_ppi_for_fem_clear
                0x0000000000004c28       0x2c modules/nrf/subsys/esb/lib..__nrf__subsys__esb.a(esb_ppi.c.obj)
                0x0000000000004c28                esb_ppi_for_fem_clear
 .text.esb_ppi_for_txrx_set
                0x0000000000004c54       0xd8 modules/nrf/subsys/esb/lib..__nrf__subsys__esb.a(esb_ppi.c.obj)
                0x0000000000004c54                esb_ppi_for_txrx_set
 .text.esb_ppi_for_txrx_clear
                0x0000000000004d2c       0xbc modules/nrf/subsys/esb/lib..__nrf__subsys__esb.a(esb_ppi.c.obj)
                0x0000000000004d2c                esb_ppi_for_txrx_clear
 .text.esb_ppi_for_retransmission_set
                0x0000000000004de8       0x74 modules/nrf/subsys/esb/lib..__nrf__subsys__esb.a(esb_ppi.c.obj)
                0x0000000000004de8                esb_ppi_for_retransmission_set
 .text.esb_ppi_for_retransmission_clear
                0x0000000000004e5c       0x4c modules/nrf/subsys/esb/lib..__nrf__subsys__esb.a(esb_ppi.c.obj)
                0x0000000000004e5c                esb_ppi_for_retransmission_clear
 .text.esb_ppi_for_wait_for_ack_set
                0x0000000000004ea8       0x64 modules/nrf/subsys/esb/lib..__nrf__subsys__esb.a(esb_ppi.c.obj)
                0x0000000000004ea8                esb_ppi_for_wait_for_ack_set
 .text.esb_ppi_for_wait_for_ack_clear
                0x0000000000004f0c       0x4c modules/nrf/subsys/esb/lib..__nrf__subsys__esb.a(esb_ppi.c.obj)
                0x0000000000004f0c                esb_ppi_for_wait_for_ack_clear
 .text.esb_ppi_init
                0x0000000000004f58       0xa0 modules/nrf/subsys/esb/lib..__nrf__subsys__esb.a(esb_ppi.c.obj)
                0x0000000000004f58                esb_ppi_init
 .text.esb_ppi_radio_disabled_get
                0x0000000000004ff8        0x8 modules/nrf/subsys/esb/lib..__nrf__subsys__esb.a(esb_ppi.c.obj)
                0x0000000000004ff8                esb_ppi_radio_disabled_get
 .text.esb_ppi_disable_all
                0x0000000000005000       0x54 modules/nrf/subsys/esb/lib..__nrf__subsys__esb.a(esb_ppi.c.obj)
                0x0000000000005000                esb_ppi_disable_all
 .text.esb_ppi_deinit
                0x0000000000005054       0x84 modules/nrf/subsys/esb/lib..__nrf__subsys__esb.a(esb_ppi.c.obj)
                0x0000000000005054                esb_ppi_deinit
 .text.nrf52_errata_98
                0x00000000000050d8       0x24 modules/hal_nordic/modules/hal_nordic/nrfx/libmodules__hal_nordic__nrfx.a(system_nrf52840.c.obj)
 .text.nvmc_wait
                0x00000000000050fc       0x10 modules/hal_nordic/modules/hal_nordic/nrfx/libmodules__hal_nordic__nrfx.a(system_nrf52840.c.obj)
                0x00000000000050fc                nvmc_wait
 .text.SystemInit
                0x000000000000510c      0x1bc modules/hal_nordic/modules/hal_nordic/nrfx/libmodules__hal_nordic__nrfx.a(system_nrf52840.c.obj)
                0x000000000000510c                SystemInit
 .text.nrfx_flag32_alloc
                0x00000000000052c8       0x48 modules/hal_nordic/modules/hal_nordic/nrfx/libmodules__hal_nordic__nrfx.a(nrfx_flag32_allocator.c.obj)
                0x00000000000052c8                nrfx_flag32_alloc
 .text.nrfx_flag32_free
                0x0000000000005310       0x40 modules/hal_nordic/modules/hal_nordic/nrfx/libmodules__hal_nordic__nrfx.a(nrfx_flag32_allocator.c.obj)
                0x0000000000005310                nrfx_flag32_free
 .text.ram_ctrl_block_section_iterate
                0x0000000000005350       0x48 modules/hal_nordic/modules/hal_nordic/nrfx/libmodules__hal_nordic__nrfx.a(nrfx_ram_ctrl.c.obj)
 .text.nrfx_ram_ctrl_retention_enable_set
                0x0000000000005398        0xc modules/hal_nordic/modules/hal_nordic/nrfx/libmodules__hal_nordic__nrfx.a(nrfx_ram_ctrl.c.obj)
                0x0000000000005398                nrfx_ram_ctrl_retention_enable_set
 .text.nrfx_gppi_channels_enable
                0x00000000000053a4        0xc modules/hal_nordic/modules/hal_nordic/nrfx/libmodules__hal_nordic__nrfx.a(nrfx_gppi_ppi.c.obj)
                0x00000000000053a4                nrfx_gppi_channels_enable
 .text.clock_stop
                0x00000000000053b0       0xc4 modules/hal_nordic/modules/hal_nordic/nrfx/libmodules__hal_nordic__nrfx.a(nrfx_clock.c.obj)
 .text.nrfx_clock_init
                0x0000000000005474       0x20 modules/hal_nordic/modules/hal_nordic/nrfx/libmodules__hal_nordic__nrfx.a(nrfx_clock.c.obj)
                0x0000000000005474                nrfx_clock_init
 .text.nrfx_clock_enable
                0x0000000000005494       0x24 modules/hal_nordic/modules/hal_nordic/nrfx/libmodules__hal_nordic__nrfx.a(nrfx_clock.c.obj)
                0x0000000000005494                nrfx_clock_enable
 .text.nrfx_clock_start
                0x00000000000054b8       0xa8 modules/hal_nordic/modules/hal_nordic/nrfx/libmodules__hal_nordic__nrfx.a(nrfx_clock.c.obj)
                0x00000000000054b8                nrfx_clock_start
 .text.nrfx_power_clock_irq_handler
                0x0000000000005560       0x7c modules/hal_nordic/modules/hal_nordic/nrfx/libmodules__hal_nordic__nrfx.a(nrfx_clock.c.obj)
                0x0000000000005560                nrfx_power_clock_irq_handler
 .text.nrf_gpio_pin_port_decode
                0x00000000000055dc       0x20 modules/hal_nordic/modules/hal_nordic/nrfx/libmodules__hal_nordic__nrfx.a(nrfx_gpiote.c.obj)
 .text.get_pin_idx
                0x00000000000055fc       0x14 modules/hal_nordic/modules/hal_nordic/nrfx/libmodules__hal_nordic__nrfx.a(nrfx_gpiote.c.obj)
 .text.call_handler.constprop.0
                0x0000000000005610       0x40 modules/hal_nordic/modules/hal_nordic/nrfx/libmodules__hal_nordic__nrfx.a(nrfx_gpiote.c.obj)
 .text.pin_te_get.constprop.0
                0x0000000000005650       0x18 modules/hal_nordic/modules/hal_nordic/nrfx/libmodules__hal_nordic__nrfx.a(nrfx_gpiote.c.obj)
 .text.pin_is_output.constprop.0
                0x0000000000005668       0x18 modules/hal_nordic/modules/hal_nordic/nrfx/libmodules__hal_nordic__nrfx.a(nrfx_gpiote.c.obj)
 .text.pin_in_use_by_te.constprop.0
                0x0000000000005680       0x18 modules/hal_nordic/modules/hal_nordic/nrfx/libmodules__hal_nordic__nrfx.a(nrfx_gpiote.c.obj)
 .text.latch_pending_read_and_check
                0x0000000000005698       0x40 modules/hal_nordic/modules/hal_nordic/nrfx/libmodules__hal_nordic__nrfx.a(nrfx_gpiote.c.obj)
 .text.release_handler.isra.0
                0x00000000000056d8       0x58 modules/hal_nordic/modules/hal_nordic/nrfx/libmodules__hal_nordic__nrfx.a(nrfx_gpiote.c.obj)
 .text.__nrfy_internal_gpiote_events_process.constprop.0
                0x0000000000005730       0x5c modules/hal_nordic/modules/hal_nordic/nrfx/libmodules__hal_nordic__nrfx.a(nrfx_gpiote.c.obj)
 .text.pin_uninit
                0x000000000000578c       0x80 modules/hal_nordic/modules/hal_nordic/nrfx/libmodules__hal_nordic__nrfx.a(nrfx_gpiote.c.obj)
 .text.nrfx_gpiote_input_configure
                0x000000000000580c      0x174 modules/hal_nordic/modules/hal_nordic/nrfx/libmodules__hal_nordic__nrfx.a(nrfx_gpiote.c.obj)
                0x000000000000580c                nrfx_gpiote_input_configure
 .text.nrfx_gpiote_output_configure
                0x0000000000005980       0xfc modules/hal_nordic/modules/hal_nordic/nrfx/libmodules__hal_nordic__nrfx.a(nrfx_gpiote.c.obj)
                0x0000000000005980                nrfx_gpiote_output_configure
 .text.nrfx_gpiote_global_callback_set
                0x0000000000005a7c        0xc modules/hal_nordic/modules/hal_nordic/nrfx/libmodules__hal_nordic__nrfx.a(nrfx_gpiote.c.obj)
                0x0000000000005a7c                nrfx_gpiote_global_callback_set
 .text.nrfx_gpiote_channel_get
                0x0000000000005a88       0x34 modules/hal_nordic/modules/hal_nordic/nrfx/libmodules__hal_nordic__nrfx.a(nrfx_gpiote.c.obj)
                0x0000000000005a88                nrfx_gpiote_channel_get
 .text.nrfx_gpiote_init
                0x0000000000005abc       0x68 modules/hal_nordic/modules/hal_nordic/nrfx/libmodules__hal_nordic__nrfx.a(nrfx_gpiote.c.obj)
                0x0000000000005abc                nrfx_gpiote_init
 .text.nrfx_gpiote_init_check
                0x0000000000005b24       0x14 modules/hal_nordic/modules/hal_nordic/nrfx/libmodules__hal_nordic__nrfx.a(nrfx_gpiote.c.obj)
                0x0000000000005b24                nrfx_gpiote_init_check
 .text.nrfx_gpiote_channel_free
                0x0000000000005b38        0xc modules/hal_nordic/modules/hal_nordic/nrfx/libmodules__hal_nordic__nrfx.a(nrfx_gpiote.c.obj)
                0x0000000000005b38                nrfx_gpiote_channel_free
 .text.nrfx_gpiote_channel_alloc
                0x0000000000005b44        0xc modules/hal_nordic/modules/hal_nordic/nrfx/libmodules__hal_nordic__nrfx.a(nrfx_gpiote.c.obj)
                0x0000000000005b44                nrfx_gpiote_channel_alloc
 .text.nrfx_gpiote_trigger_enable
                0x0000000000005b50       0xb0 modules/hal_nordic/modules/hal_nordic/nrfx/libmodules__hal_nordic__nrfx.a(nrfx_gpiote.c.obj)
                0x0000000000005b50                nrfx_gpiote_trigger_enable
 .text.nrfx_gpiote_0_irq_handler
                0x0000000000005c00      0x1bc modules/hal_nordic/modules/hal_nordic/nrfx/libmodules__hal_nordic__nrfx.a(nrfx_gpiote.c.obj)
                0x0000000000005c00                nrfx_gpiote_0_irq_handler
 .text.nrfx_ppi_channel_alloc
                0x0000000000005dbc        0xc modules/hal_nordic/modules/hal_nordic/nrfx/libmodules__hal_nordic__nrfx.a(nrfx_ppi.c.obj)
                0x0000000000005dbc                nrfx_ppi_channel_alloc
 .text.nrfx_ppi_channel_free
                0x0000000000005dc8       0x28 modules/hal_nordic/modules/hal_nordic/nrfx/libmodules__hal_nordic__nrfx.a(nrfx_ppi.c.obj)
                0x0000000000005dc8                nrfx_ppi_channel_free
 .text.nrfx_ppi_group_alloc
                0x0000000000005df0        0xc modules/hal_nordic/modules/hal_nordic/nrfx/libmodules__hal_nordic__nrfx.a(nrfx_ppi.c.obj)
                0x0000000000005df0                nrfx_ppi_group_alloc
 .text.nrfx_ppi_group_free
                0x0000000000005dfc       0x1c modules/hal_nordic/modules/hal_nordic/nrfx/libmodules__hal_nordic__nrfx.a(nrfx_ppi.c.obj)
                0x0000000000005dfc                nrfx_ppi_group_free
 .text.timer_configure
                0x0000000000005e18       0x84 modules/hal_nordic/modules/hal_nordic/nrfx/libmodules__hal_nordic__nrfx.a(nrfx_timer.c.obj)
 .text.nrfx_timer_init
                0x0000000000005e9c       0x48 modules/hal_nordic/modules/hal_nordic/nrfx/libmodules__hal_nordic__nrfx.a(nrfx_timer.c.obj)
                0x0000000000005e9c                nrfx_timer_init
 .text.nrfx_timer_disable
                0x0000000000005ee4       0x18 modules/hal_nordic/modules/hal_nordic/nrfx/libmodules__hal_nordic__nrfx.a(nrfx_timer.c.obj)
                0x0000000000005ee4                nrfx_timer_disable
 .text.nrfx_timer_uninit
                0x0000000000005efc       0x3c modules/hal_nordic/modules/hal_nordic/nrfx/libmodules__hal_nordic__nrfx.a(nrfx_timer.c.obj)
                0x0000000000005efc                nrfx_timer_uninit
 .text.nrfx_timer_2_irq_handler
                0x0000000000005f38       0x6c modules/hal_nordic/modules/hal_nordic/nrfx/libmodules__hal_nordic__nrfx.a(nrfx_timer.c.obj)
                0x0000000000005f38                nrfx_timer_2_irq_handler
 .text._DoInit  0x0000000000005fa4       0x60 modules/segger/libmodules__segger.a(SEGGER_RTT.c.obj)
 .text.SEGGER_RTT_WriteSkipNoLock
                0x0000000000006004       0x88 modules/segger/libmodules__segger.a(SEGGER_RTT.c.obj)
                0x0000000000006004                SEGGER_RTT_WriteSkipNoLock
 .text.SEGGER_RTT_HasDataUp
                0x000000000000608c       0x14 modules/segger/libmodules__segger.a(SEGGER_RTT.c.obj)
                0x000000000000608c                SEGGER_RTT_HasDataUp
 .text.SEGGER_RTT_Init
                0x00000000000060a0       0x2c modules/segger/libmodules__segger.a(SEGGER_RTT.c.obj)
                0x00000000000060a0                SEGGER_RTT_Init
 .text.k_sys_fatal_error_handler
                0x00000000000060cc       0x20 zephyr/kernel/libkernel.a(fatal.c.obj)
                0x00000000000060cc                k_sys_fatal_error_handler
 .text.z_fatal_error
                0x00000000000060ec       0xe8 zephyr/kernel/libkernel.a(fatal.c.obj)
                0x00000000000060ec                z_fatal_error
 .text.z_sys_init_run_level
                0x00000000000061d4       0x2c zephyr/kernel/libkernel.a(init.c.obj)
 .text.bg_thread_main
                0x0000000000006200       0xc4 zephyr/kernel/libkernel.a(init.c.obj)
 .text.z_bss_zero
                0x00000000000062c4       0x18 zephyr/kernel/libkernel.a(init.c.obj)
                0x00000000000062c4                z_bss_zero
 .text.z_init_cpu
                0x00000000000062dc       0x70 zephyr/kernel/libkernel.a(init.c.obj)
                0x00000000000062dc                z_init_cpu
 .text.z_cstart
                0x000000000000634c       0xe0 zephyr/kernel/libkernel.a(init.c.obj)
                0x000000000000634c                z_cstart
 .text.init_mem_slab_obj_core_list
                0x000000000000642c       0x24 zephyr/kernel/libkernel.a(mem_slab.c.obj)
 .text.k_mem_slab_alloc
                0x0000000000006450       0x5c zephyr/kernel/libkernel.a(mem_slab.c.obj)
                0x0000000000006450                k_mem_slab_alloc
 .text.z_impl_k_mutex_lock
                0x00000000000064ac       0xf0 zephyr/kernel/libkernel.a(mutex.c.obj)
                0x00000000000064ac                z_impl_k_mutex_lock
 .text.z_impl_k_mutex_unlock
                0x000000000000659c       0xa0 zephyr/kernel/libkernel.a(mutex.c.obj)
                0x000000000000659c                z_impl_k_mutex_unlock
 .text.z_impl_k_sem_give
                0x000000000000663c       0x68 zephyr/kernel/libkernel.a(sem.c.obj)
                0x000000000000663c                z_impl_k_sem_give
 .text.z_impl_k_sem_take
                0x00000000000066a4       0x4c zephyr/kernel/libkernel.a(sem.c.obj)
                0x00000000000066a4                z_impl_k_sem_take
 .text.work_queue_main
                0x00000000000066f0      0x14c zephyr/kernel/libkernel.a(work.c.obj)
 .text.submit_to_queue_locked
                0x000000000000683c       0xb4 zephyr/kernel/libkernel.a(work.c.obj)
 .text.k_work_queue_start
                0x00000000000068f0       0x7c zephyr/kernel/libkernel.a(work.c.obj)
                0x00000000000068f0                k_work_queue_start
 .text.k_work_schedule_for_queue
                0x000000000000696c       0x54 zephyr/kernel/libkernel.a(work.c.obj)
                0x000000000000696c                k_work_schedule_for_queue
 .text.k_work_schedule
                0x00000000000069c0        0xc zephyr/kernel/libkernel.a(work.c.obj)
                0x00000000000069c0                k_work_schedule
 .text.z_setup_new_thread
                0x00000000000069cc       0x9c zephyr/kernel/libkernel.a(thread.c.obj)
                0x00000000000069cc                z_setup_new_thread
 .text.z_impl_k_thread_create
                0x0000000000006a68       0x58 zephyr/kernel/libkernel.a(thread.c.obj)
                0x0000000000006a68                z_impl_k_thread_create
 .text.z_swap_irqlock
                0x0000000000006ac0       0x34 zephyr/kernel/libkernel.a(sched.c.obj)
 .text.ready_thread
                0x0000000000006af4       0x90 zephyr/kernel/libkernel.a(sched.c.obj)
 .text.unready_thread
                0x0000000000006b84       0x54 zephyr/kernel/libkernel.a(sched.c.obj)
 .text.move_thread_to_end_of_prio_q
                0x0000000000006bd8       0x90 zephyr/kernel/libkernel.a(sched.c.obj)
                0x0000000000006bd8                move_thread_to_end_of_prio_q
 .text.z_pend_curr
                0x0000000000006c68       0x58 zephyr/kernel/libkernel.a(sched.c.obj)
                0x0000000000006c68                z_pend_curr
 .text.z_thread_prio_set
                0x0000000000006cc0       0x9c zephyr/kernel/libkernel.a(sched.c.obj)
                0x0000000000006cc0                z_thread_prio_set
 .text.z_reschedule
                0x0000000000006d5c       0x24 zephyr/kernel/libkernel.a(sched.c.obj)
                0x0000000000006d5c                z_reschedule
 .text.z_reschedule_irqlock
                0x0000000000006d80       0x28 zephyr/kernel/libkernel.a(sched.c.obj)
                0x0000000000006d80                z_reschedule_irqlock
 .text.k_sched_lock
                0x0000000000006da8       0x28 zephyr/kernel/libkernel.a(sched.c.obj)
                0x0000000000006da8                k_sched_lock
 .text.k_sched_unlock
                0x0000000000006dd0       0x68 zephyr/kernel/libkernel.a(sched.c.obj)
                0x0000000000006dd0                k_sched_unlock
 .text.z_sched_init
                0x0000000000006e38       0x10 zephyr/kernel/libkernel.a(sched.c.obj)
                0x0000000000006e38                z_sched_init
 .text.z_impl_k_yield
                0x0000000000006e48       0x88 zephyr/kernel/libkernel.a(sched.c.obj)
                0x0000000000006e48                z_impl_k_yield
 .text.z_tick_sleep
                0x0000000000006ed0       0x80 zephyr/kernel/libkernel.a(sched.c.obj)
 .text.z_impl_k_wakeup
                0x0000000000006f50       0x4c zephyr/kernel/libkernel.a(sched.c.obj)
                0x0000000000006f50                z_impl_k_wakeup
 .text.z_impl_k_sched_current_thread_query
                0x0000000000006f9c        0xc zephyr/kernel/libkernel.a(sched.c.obj)
                0x0000000000006f9c                z_impl_k_sched_current_thread_query
 .text.z_thread_abort
                0x0000000000006fa8      0x110 zephyr/kernel/libkernel.a(sched.c.obj)
                0x0000000000006fa8                z_thread_abort
 .text.z_sched_wait
                0x00000000000070b8       0x24 zephyr/kernel/libkernel.a(sched.c.obj)
                0x00000000000070b8                z_sched_wait
 .text.slice_timeout
                0x00000000000070dc       0x20 zephyr/kernel/libkernel.a(timeslicing.c.obj)
 .text.thread_is_sliceable
                0x00000000000070fc       0x3c zephyr/kernel/libkernel.a(timeslicing.c.obj)
                0x00000000000070fc                thread_is_sliceable
 .text.z_reset_time_slice
                0x0000000000007138       0x50 zephyr/kernel/libkernel.a(timeslicing.c.obj)
                0x0000000000007138                z_reset_time_slice
 .text.z_time_slice
                0x0000000000007188       0x60 zephyr/kernel/libkernel.a(timeslicing.c.obj)
                0x0000000000007188                z_time_slice
 .text.z_data_copy
                0x00000000000071e8       0x38 zephyr/kernel/libkernel.a(xip.c.obj)
                0x00000000000071e8                z_data_copy
 .text.first    0x0000000000007220       0x10 zephyr/kernel/libkernel.a(timeout.c.obj)
 .text.elapsed  0x0000000000007230       0x14 zephyr/kernel/libkernel.a(timeout.c.obj)
 .text.remove_timeout
                0x0000000000007244       0x38 zephyr/kernel/libkernel.a(timeout.c.obj)
 .text.z_add_timeout
                0x000000000000727c       0xec zephyr/kernel/libkernel.a(timeout.c.obj)
                0x000000000000727c                z_add_timeout
 .text.sys_clock_announce
                0x0000000000007368       0xbc zephyr/kernel/libkernel.a(timeout.c.obj)
                0x0000000000007368                sys_clock_announce
 .text.sys_clock_tick_get
                0x0000000000007424       0x30 zephyr/kernel/libkernel.a(timeout.c.obj)
                0x0000000000007424                sys_clock_tick_get
 .text.z_timer_expiration_handler
                0x0000000000007454       0xe0 zephyr/kernel/libkernel.a(timer.c.obj)
                0x0000000000007454                z_timer_expiration_handler
 .text.z_impl_k_timer_start
                0x0000000000007534       0x74 zephyr/kernel/libkernel.a(timer.c.obj)
                0x0000000000007534                z_impl_k_timer_start
 .text.k_event_post_internal
                0x00000000000075a8       0x5c zephyr/kernel/libkernel.a(events.c.obj)
 .text.k_sys_work_q_init
                0x0000000000007604       0x34 zephyr/kernel/libkernel.a(system_work_q.c.obj)
 .text.nrf_cc3xx_platform_init_no_rng
                0x0000000000007638       0x38 C:/ncs/v3.0.2/nrfxlib/crypto/nrf_cc310_platform/lib/cortex-m4/soft-float/no-interrupts/libnrf_cc310_platform_0.9.19.a(nrf_cc3xx_platform.c.obj)
                0x0000000000007638                nrf_cc3xx_platform_init_no_rng
 .text.nrf_cc3xx_platform_abort
                0x0000000000007670       0x24 C:/ncs/v3.0.2/nrfxlib/crypto/nrf_cc310_platform/lib/cortex-m4/soft-float/no-interrupts/libnrf_cc310_platform_0.9.19.a(nrf_cc3xx_platform_abort.c.obj)
 .text.CC_PalAbort
                0x0000000000007694       0x34 C:/ncs/v3.0.2/nrfxlib/crypto/nrf_cc310_platform/lib/cortex-m4/soft-float/no-interrupts/libnrf_cc310_platform_0.9.19.a(nrf_cc3xx_platform_abort.c.obj)
                0x0000000000007694                CC_PalAbort
 .text.nrf_cc3xx_platform_set_abort
                0x00000000000076c8       0x10 C:/ncs/v3.0.2/nrfxlib/crypto/nrf_cc310_platform/lib/cortex-m4/soft-float/no-interrupts/libnrf_cc310_platform_0.9.19.a(nrf_cc3xx_platform_abort.c.obj)
                0x00000000000076c8                nrf_cc3xx_platform_set_abort
 .text.mutex_free
                0x00000000000076d8       0x34 C:/ncs/v3.0.2/nrfxlib/crypto/nrf_cc310_platform/lib/cortex-m4/soft-float/no-interrupts/libnrf_cc310_platform_0.9.19.a(nrf_cc3xx_platform_mutex.c.obj)
 .text.mutex_lock
                0x000000000000770c       0x48 C:/ncs/v3.0.2/nrfxlib/crypto/nrf_cc310_platform/lib/cortex-m4/soft-float/no-interrupts/libnrf_cc310_platform_0.9.19.a(nrf_cc3xx_platform_mutex.c.obj)
 .text.mutex_unlock
                0x0000000000007754       0x38 C:/ncs/v3.0.2/nrfxlib/crypto/nrf_cc310_platform/lib/cortex-m4/soft-float/no-interrupts/libnrf_cc310_platform_0.9.19.a(nrf_cc3xx_platform_mutex.c.obj)
 .text.mutex_init
                0x000000000000778c       0x20 C:/ncs/v3.0.2/nrfxlib/crypto/nrf_cc310_platform/lib/cortex-m4/soft-float/no-interrupts/libnrf_cc310_platform_0.9.19.a(nrf_cc3xx_platform_mutex.c.obj)
 .text.nrf_cc3xx_platform_set_mutexes
                0x00000000000077ac       0x74 C:/ncs/v3.0.2/nrfxlib/crypto/nrf_cc310_platform/lib/cortex-m4/soft-float/no-interrupts/libnrf_cc310_platform_0.9.19.a(nrf_cc3xx_platform_mutex.c.obj)
                0x00000000000077ac                nrf_cc3xx_platform_set_mutexes
 .text.CC_LibInitNoRng
                0x0000000000007820       0x64 C:/ncs/v3.0.2/nrfxlib/crypto/nrf_cc310_platform/lib/cortex-m4/soft-float/no-interrupts/libnrf_cc310_platform_0.9.19.a(cc_lib.c.obj)
                0x0000000000007820                CC_LibInitNoRng
 .text.CC_HalInit
                0x0000000000007884        0x4 C:/ncs/v3.0.2/nrfxlib/crypto/nrf_cc310_platform/lib/cortex-m4/soft-float/no-interrupts/libnrf_cc310_platform_0.9.19.a(cc_hal.c.obj)
                0x0000000000007884                CC_HalInit
 .text.CC_HalTerminate
                0x0000000000007888        0x4 C:/ncs/v3.0.2/nrfxlib/crypto/nrf_cc310_platform/lib/cortex-m4/soft-float/no-interrupts/libnrf_cc310_platform_0.9.19.a(cc_hal.c.obj)
                0x0000000000007888                CC_HalTerminate
 .text.CC_HalMaskInterrupt
                0x000000000000788c        0xc C:/ncs/v3.0.2/nrfxlib/crypto/nrf_cc310_platform/lib/cortex-m4/soft-float/no-interrupts/libnrf_cc310_platform_0.9.19.a(cc_hal.c.obj)
                0x000000000000788c                CC_HalMaskInterrupt
 .text.CC_PalInit
                0x0000000000007898       0x5c C:/ncs/v3.0.2/nrfxlib/crypto/nrf_cc310_platform/lib/cortex-m4/soft-float/no-interrupts/libnrf_cc310_platform_0.9.19.a(cc_pal.c.obj)
                0x0000000000007898                CC_PalInit
 .text.CC_PalTerminate
                0x00000000000078f4       0x34 C:/ncs/v3.0.2/nrfxlib/crypto/nrf_cc310_platform/lib/cortex-m4/soft-float/no-interrupts/libnrf_cc310_platform_0.9.19.a(cc_pal.c.obj)
                0x00000000000078f4                CC_PalTerminate
 .text.CC_PalDmaInit
                0x0000000000007928        0x4 C:/ncs/v3.0.2/nrfxlib/crypto/nrf_cc310_platform/lib/cortex-m4/soft-float/no-interrupts/libnrf_cc310_platform_0.9.19.a(cc_pal_dma.c.obj)
                0x0000000000007928                CC_PalDmaInit
 .text.CC_PalDmaTerminate
                0x000000000000792c        0x4 C:/ncs/v3.0.2/nrfxlib/crypto/nrf_cc310_platform/lib/cortex-m4/soft-float/no-interrupts/libnrf_cc310_platform_0.9.19.a(cc_pal_dma.c.obj)
                0x000000000000792c                CC_PalDmaTerminate
 .text.CC_PalMutexCreate
                0x0000000000007930       0x14 C:/ncs/v3.0.2/nrfxlib/crypto/nrf_cc310_platform/lib/cortex-m4/soft-float/no-interrupts/libnrf_cc310_platform_0.9.19.a(cc_pal_mutex.c.obj)
                0x0000000000007930                CC_PalMutexCreate
 .text.CC_PalMutexDestroy
                0x0000000000007944       0x14 C:/ncs/v3.0.2/nrfxlib/crypto/nrf_cc310_platform/lib/cortex-m4/soft-float/no-interrupts/libnrf_cc310_platform_0.9.19.a(cc_pal_mutex.c.obj)
                0x0000000000007944                CC_PalMutexDestroy
 .text.CC_PalPowerSaveModeInit
                0x0000000000007958       0x3c C:/ncs/v3.0.2/nrfxlib/crypto/nrf_cc310_platform/lib/cortex-m4/soft-float/no-interrupts/libnrf_cc310_platform_0.9.19.a(cc_pal_pm.c.obj)
                0x0000000000007958                CC_PalPowerSaveModeInit
 .text.CC_PalPowerSaveModeSelect
                0x0000000000007994       0x84 C:/ncs/v3.0.2/nrfxlib/crypto/nrf_cc310_platform/lib/cortex-m4/soft-float/no-interrupts/libnrf_cc310_platform_0.9.19.a(cc_pal_pm.c.obj)
                0x0000000000007994                CC_PalPowerSaveModeSelect
 .text.snprintf
                0x0000000000007a18       0x58 c:\ncs\toolchains\0b393f9e1b\opt\zephyr-sdk\arm-zephyr-eabi\bin\../lib/gcc/../../picolibc/arm-zephyr-eabi/lib/thumb/v7e-m/nofp\libc.a(libc_tinystdio_snprintf.c.o)
                0x0000000000007a18                snprintf
 .text.__l_vfprintf
                0x0000000000007a70      0x4b8 c:\ncs\toolchains\0b393f9e1b\opt\zephyr-sdk\arm-zephyr-eabi\bin\../lib/gcc/../../picolibc/arm-zephyr-eabi/lib/thumb/v7e-m/nofp\libc.a(libc_tinystdio_vflprintf.c.o)
                0x0000000000007a70                __l_vfprintf
 .text._OffsetAbsSyms
                0x0000000000007f28        0x2 zephyr/CMakeFiles/offsets.dir/./arch/arm/core/offsets/offsets.c.obj
                0x0000000000007f28                _OffsetAbsSyms
 .text.gpio_pin_configure_dt
                0x0000000000007f2a       0x3e app/libapp.a(main.c.obj)
 .text.gpio_pin_get_dt
                0x0000000000007f68       0x2a app/libapp.a(main.c.obj)
 .text.device_is_ready
                0x0000000000007f92        0x4 app/libapp.a(main.c.obj)
 .text.z_log_msg_simple_create_0
                0x0000000000007f96        0x4 app/libapp.a(main.c.obj)
 .text.gpio_pin_interrupt_configure_dt.constprop.0.isra.0
                0x0000000000007f9a       0x20 app/libapp.a(main.c.obj)
 .text.gpio_pin_set_dt.isra.0
                0x0000000000007fba       0x28 app/libapp.a(main.c.obj)
 .text.chunk_field
                0x0000000000007fe2       0x16 zephyr/libzephyr.a(heap.c.obj)
 .text.chunk_set
                0x0000000000007ff8       0x16 zephyr/libzephyr.a(heap.c.obj)
 .text.chunk_size
                0x000000000000800e        0xc zephyr/libzephyr.a(heap.c.obj)
 .text.set_chunk_used
                0x000000000000801a       0x30 zephyr/libzephyr.a(heap.c.obj)
 .text.set_chunk_size
                0x000000000000804a        0x8 zephyr/libzephyr.a(heap.c.obj)
 .text.bucket_idx.isra.0
                0x0000000000008052       0x1c zephyr/libzephyr.a(heap.c.obj)
 .text.free_list_add
                0x000000000000806e       0x84 zephyr/libzephyr.a(heap.c.obj)
 .text.sys_heap_init
                0x00000000000080f2       0xb0 zephyr/libzephyr.a(heap.c.obj)
                0x00000000000080f2                sys_heap_init
 .text.cbpprintf_external
                0x00000000000081a2       0x62 zephyr/libzephyr.a(cbprintf_packaged.c.obj)
                0x00000000000081a2                cbpprintf_external
 .text.is_ptr   0x0000000000008204       0x4a zephyr/libzephyr.a(cbprintf_packaged.c.obj)
                0x0000000000008204                is_ptr
 .text.arch_printk_char_out
                0x000000000000824e        0x4 zephyr/libzephyr.a(printk.c.obj)
                0x000000000000824e                arch_printk_char_out
 .text.printk   0x0000000000008252       0x1a zephyr/libzephyr.a(printk.c.obj)
                0x0000000000008252                printk
 .text.free_space
                0x000000000000826c       0x26 zephyr/libzephyr.a(mpsc_pbuf.c.obj)
 .text.get_usage
                0x0000000000008292       0x22 zephyr/libzephyr.a(mpsc_pbuf.c.obj)
 .text.idx_inc  0x00000000000082b4       0x1c zephyr/libzephyr.a(mpsc_pbuf.c.obj)
 .text.rd_idx_inc
                0x00000000000082d0       0x18 zephyr/libzephyr.a(mpsc_pbuf.c.obj)
 .text.add_skip_item
                0x00000000000082e8       0x3a zephyr/libzephyr.a(mpsc_pbuf.c.obj)
 .text.drop_item_locked
                0x0000000000008322       0xee zephyr/libzephyr.a(mpsc_pbuf.c.obj)
 .text.post_drop_action
                0x0000000000008410       0x36 zephyr/libzephyr.a(mpsc_pbuf.c.obj)
 .text.max_utilization_update
                0x0000000000008446       0x1a zephyr/libzephyr.a(mpsc_pbuf.c.obj)
 .text.mpsc_pbuf_init
                0x0000000000008460       0x42 zephyr/libzephyr.a(mpsc_pbuf.c.obj)
                0x0000000000008460                mpsc_pbuf_init
 .text.mpsc_pbuf_alloc
                0x00000000000084a2       0xfe zephyr/libzephyr.a(mpsc_pbuf.c.obj)
                0x00000000000084a2                mpsc_pbuf_alloc
 .text.mpsc_pbuf_commit
                0x00000000000085a0       0x3e zephyr/libzephyr.a(mpsc_pbuf.c.obj)
                0x00000000000085a0                mpsc_pbuf_commit
 .text.mpsc_pbuf_claim
                0x00000000000085de       0xa8 zephyr/libzephyr.a(mpsc_pbuf.c.obj)
                0x00000000000085de                mpsc_pbuf_claim
 .text.mpsc_pbuf_free
                0x0000000000008686       0x76 zephyr/libzephyr.a(mpsc_pbuf.c.obj)
                0x0000000000008686                mpsc_pbuf_free
 .text.mpsc_pbuf_is_pending
                0x00000000000086fc       0x32 zephyr/libzephyr.a(mpsc_pbuf.c.obj)
                0x00000000000086fc                mpsc_pbuf_is_pending
 .text.sys_poweroff
                0x000000000000872e       0x14 zephyr/libzephyr.a(poweroff.c.obj)
                0x000000000000872e                sys_poweroff
 .text.process_recheck
                0x0000000000008742       0x38 zephyr/libzephyr.a(onoff.c.obj)
 .text.validate_args
                0x000000000000877a       0x20 zephyr/libzephyr.a(onoff.c.obj)
 .text.notify_one
                0x000000000000879a       0x2c zephyr/libzephyr.a(onoff.c.obj)
 .text.transition_complete
                0x00000000000087c6       0x1a zephyr/libzephyr.a(onoff.c.obj)
 .text.onoff_manager_init
                0x00000000000087e0       0x26 zephyr/libzephyr.a(onoff.c.obj)
                0x00000000000087e0                onoff_manager_init
 .text.onoff_request
                0x0000000000008806       0xae zephyr/libzephyr.a(onoff.c.obj)
                0x0000000000008806                onoff_request
 .text.sys_notify_validate
                0x00000000000088b4       0x22 zephyr/libzephyr.a(notify.c.obj)
                0x00000000000088b4                sys_notify_validate
 .text.sys_notify_finalize
                0x00000000000088d6       0x1a zephyr/libzephyr.a(notify.c.obj)
                0x00000000000088d6                sys_notify_finalize
 .text._ConfigAbsSyms
                0x00000000000088f0        0x2 zephyr/libzephyr.a(configs.c.obj)
                0x00000000000088f0                _ConfigAbsSyms
 .text.log_msg_generic_get_wlen
                0x00000000000088f2       0x20 zephyr/libzephyr.a(log_core.c.obj)
 .text.dummy_timestamp
                0x0000000000008912        0x4 zephyr/libzephyr.a(log_core.c.obj)
 .text.default_get_timestamp
                0x0000000000008916        0x4 zephyr/libzephyr.a(log_core.c.obj)
 .text.atomic_inc
                0x000000000000891a       0x1a zephyr/libzephyr.a(log_core.c.obj)
 .text.z_log_vprintk
                0x0000000000008934       0x1c zephyr/libzephyr.a(log_core.c.obj)
                0x0000000000008934                z_log_vprintk
 .text.z_log_notify_drop
                0x0000000000008950        0x6 zephyr/libzephyr.a(log_core.c.obj)
 .text.z_log_get_tag
                0x0000000000008956        0x4 zephyr/libzephyr.a(log_core.c.obj)
                0x0000000000008956                z_log_get_tag
 .text.z_cbprintf_cpy
                0x000000000000895a       0x2c zephyr/libzephyr.a(log_msg.c.obj)
 .text.z_log_msg_finalize
                0x0000000000008986       0x32 zephyr/libzephyr.a(log_msg.c.obj)
                0x0000000000008986                z_log_msg_finalize
 .text.z_log_msg_simple_create
                0x00000000000089b8       0x6e zephyr/libzephyr.a(log_msg.c.obj)
 .text.z_impl_z_log_msg_simple_create_0
                0x0000000000008a26       0x12 zephyr/libzephyr.a(log_msg.c.obj)
                0x0000000000008a26                z_impl_z_log_msg_simple_create_0
 .text.z_impl_z_log_msg_simple_create_1
                0x0000000000008a38       0x14 zephyr/libzephyr.a(log_msg.c.obj)
                0x0000000000008a38                z_impl_z_log_msg_simple_create_1
 .text.z_impl_z_log_msg_simple_create_2
                0x0000000000008a4c       0x18 zephyr/libzephyr.a(log_msg.c.obj)
                0x0000000000008a4c                z_impl_z_log_msg_simple_create_2
 .text.log_output_write
                0x0000000000008a64       0x1c zephyr/libzephyr.a(log_output.c.obj)
 .text.log_output_flush
                0x0000000000008a80       0x1a zephyr/libzephyr.a(log_output.c.obj)
 .text.out_func
                0x0000000000008a9a       0x36 zephyr/libzephyr.a(log_output.c.obj)
 .text.cr_out_func
                0x0000000000008ad0       0x1c zephyr/libzephyr.a(log_output.c.obj)
 .text.log_output_msg_process
                0x0000000000008aec       0x6a zephyr/libzephyr.a(log_output.c.obj)
                0x0000000000008aec                log_output_msg_process
 .text.format_set
                0x0000000000008b56        0xc zephyr/libzephyr.a(log_backend_uart.c.obj)
 .text.log_backend_uart_init
                0x0000000000008b62        0xc zephyr/libzephyr.a(log_backend_uart.c.obj)
 .text.dropped  0x0000000000008b6e        0xa zephyr/libzephyr.a(log_backend_uart.c.obj)
 .text.process  0x0000000000008b78       0x1e zephyr/libzephyr.a(log_backend_uart.c.obj)
 .text.pm_device_is_busy
                0x0000000000008b96       0x14 zephyr/libzephyr.a(device.c.obj)
                0x0000000000008b96                pm_device_is_busy
 .text.pm_device_is_powered
                0x0000000000008baa       0x18 zephyr/libzephyr.a(device.c.obj)
                0x0000000000008baa                pm_device_is_powered
 .text.pm_device_driver_init
                0x0000000000008bc2       0x4a zephyr/libzephyr.a(device.c.obj)
                0x0000000000008bc2                pm_device_driver_init
 .text.put_sync_locked
                0x0000000000008c0c       0x3e zephyr/libzephyr.a(device_runtime.c.obj)
 .text.atomic_test_bit
                0x0000000000008c4a       0x12 zephyr/libzephyr.a(device_runtime.c.obj)
 .text.k_sem_take
                0x0000000000008c5c        0x4 zephyr/libzephyr.a(device_runtime.c.obj)
 .text.k_sem_give
                0x0000000000008c60        0x4 zephyr/libzephyr.a(device_runtime.c.obj)
 .text.pm_device_runtime_put
                0x0000000000008c64       0x5a zephyr/libzephyr.a(device_runtime.c.obj)
                0x0000000000008c64                pm_device_runtime_put
 .text.runtime_suspend_work
                0x0000000000008cbe       0x6c zephyr/libzephyr.a(device_runtime.c.obj)
 .text.pm_device_runtime_put_async
                0x0000000000008d2a       0x3a zephyr/libzephyr.a(device_runtime.c.obj)
                0x0000000000008d2a                pm_device_runtime_put_async
 .text.pm_device_runtime_auto_enable
                0x0000000000008d64       0x1e zephyr/libzephyr.a(device_runtime.c.obj)
                0x0000000000008d64                pm_device_runtime_auto_enable
 .text.abort_function
                0x0000000000008d82        0x2 zephyr/libzephyr.a(nrf_cc3xx_platform_abort_zephyr.c.obj)
 .text.z_do_kernel_oops
                0x0000000000008d84        0x8 zephyr/arch/arch/arm/core/libarch__arm__core.a(fatal.c.obj)
                0x0000000000008d84                z_do_kernel_oops
 .text.z_arm_nmi
                0x0000000000008d8c        0xe zephyr/arch/arch/arm/core/libarch__arm__core.a(nmi.c.obj)
                0x0000000000008d8c                z_arm_nmi
 .text.z_log_msg_simple_create_0.constprop.0
                0x0000000000008d9a        0x8 zephyr/arch/arch/arm/core/cortex_m/libarch__arm__core__cortex_m.a(fault.c.obj)
 .text.z_irq_spurious
                0x0000000000008da2        0x8 zephyr/arch/arch/arm/core/cortex_m/libarch__arm__core__cortex_m.a(irq_manage.c.obj)
                0x0000000000008da2                z_irq_spurious
 .text.arch_irq_unlock_outlined
                0x0000000000008daa        0xe zephyr/arch/arch/arm/core/cortex_m/libarch__arm__core__cortex_m.a(thread.c.obj)
                0x0000000000008daa                arch_irq_unlock_outlined
 .text.arch_cpu_idle
                0x0000000000008db8       0x1a zephyr/arch/arch/arm/core/cortex_m/libarch__arm__core__cortex_m.a(cpu_idle.c.obj)
                0x0000000000008db8                arch_cpu_idle
 .text.arch_cpu_atomic_idle
                0x0000000000008dd2       0x1e zephyr/arch/arch/arm/core/cortex_m/libarch__arm__core__cortex_m.a(cpu_idle.c.obj)
                0x0000000000008dd2                arch_cpu_atomic_idle
 .text.size_to_mpu_rasr_size
                0x0000000000008df0       0x20 zephyr/arch/arch/arm/core/mpu/libarch__arm__core__mpu.a(arm_mpu.c.obj)
 .text.cbputc   0x0000000000008e10        0xc zephyr/lib/libc/picolibc/liblib__libc__picolibc.a(cbprintf.c.obj)
 .text.picolibc_put
                0x0000000000008e1c        0xa zephyr/lib/libc/picolibc/liblib__libc__picolibc.a(stdio.c.obj)
 .text.z_sys_poweroff
                0x0000000000008e26       0x22 zephyr/soc/soc/nrf52840/libsoc__nordic.a(poweroff.c.obj)
                0x0000000000008e26                z_sys_poweroff
 .text.get_status
                0x0000000000008e48       0x12 zephyr/drivers/clock_control/libdrivers__clock_control.a(clock_control_nrf.c.obj)
 .text.stop     0x0000000000008e5a       0x50 zephyr/drivers/clock_control/libdrivers__clock_control.a(clock_control_nrf.c.obj)
 .text.api_stop
                0x0000000000008eaa        0x6 zephyr/drivers/clock_control/libdrivers__clock_control.a(clock_control_nrf.c.obj)
 .text.async_start
                0x0000000000008eb0       0x5a zephyr/drivers/clock_control/libdrivers__clock_control.a(clock_control_nrf.c.obj)
 .text.api_start
                0x0000000000008f0a        0xe zephyr/drivers/clock_control/libdrivers__clock_control.a(clock_control_nrf.c.obj)
 .text.onoff_started_callback
                0x0000000000008f18       0x12 zephyr/drivers/clock_control/libdrivers__clock_control.a(clock_control_nrf.c.obj)
 .text.lfclk_start
                0x0000000000008f2a        0x6 zephyr/drivers/clock_control/libdrivers__clock_control.a(clock_control_nrf.c.obj)
 .text.lfclk_stop
                0x0000000000008f30        0x6 zephyr/drivers/clock_control/libdrivers__clock_control.a(clock_control_nrf.c.obj)
 .text.blocking_start_callback
                0x0000000000008f36        0x6 zephyr/drivers/clock_control/libdrivers__clock_control.a(clock_control_nrf.c.obj)
 .text.gpio_nrfx_port_get_raw
                0x0000000000008f3c        0xe zephyr/drivers/gpio/libdrivers__gpio.a(gpio_nrfx.c.obj)
 .text.gpio_nrfx_port_set_masked_raw
                0x0000000000008f4a       0x18 zephyr/drivers/gpio/libdrivers__gpio.a(gpio_nrfx.c.obj)
 .text.gpio_nrfx_port_set_bits_raw
                0x0000000000008f62        0xc zephyr/drivers/gpio/libdrivers__gpio.a(gpio_nrfx.c.obj)
 .text.gpio_nrfx_port_clear_bits_raw
                0x0000000000008f6e        0xc zephyr/drivers/gpio/libdrivers__gpio.a(gpio_nrfx.c.obj)
 .text.gpio_nrfx_port_toggle_bits
                0x0000000000008f7a       0x1a zephyr/drivers/gpio/libdrivers__gpio.a(gpio_nrfx.c.obj)
 .text.gpio_nrfx_manage_callback
                0x0000000000008f94       0x52 zephyr/drivers/gpio/libdrivers__gpio.a(gpio_nrfx.c.obj)
 .text.pinctrl_lookup_state
                0x0000000000008fe6       0x26 zephyr/drivers/pinctrl/libdrivers__pinctrl.a(common.c.obj)
                0x0000000000008fe6                pinctrl_lookup_state
 .text.uarte_nrfx_err_check
                0x000000000000900c        0xe zephyr/drivers/serial/libdrivers__serial.a(uart_nrfx_uarte.c.obj)
 .text.uarte_nrfx_poll_in
                0x000000000000901a       0x26 zephyr/drivers/serial/libdrivers__serial.a(uart_nrfx_uarte.c.obj)
 .text.is_tx_ready.isra.0
                0x0000000000009040       0x20 zephyr/drivers/serial/libdrivers__serial.a(uart_nrfx_uarte.c.obj)
 .text.uarte_nrfx_isr_int
                0x0000000000009060       0x7a zephyr/drivers/serial/libdrivers__serial.a(uart_nrfx_uarte.c.obj)
 .text.pinctrl_apply_state.isra.0
                0x00000000000090da       0x1e zephyr/drivers/serial/libdrivers__serial.a(uart_nrfx_uarte.c.obj)
 .text.uarte_nrfx_pm_action
                0x00000000000090f8       0xf4 zephyr/drivers/serial/libdrivers__serial.a(uart_nrfx_uarte.c.obj)
 .text.event_clear
                0x00000000000091ec       0x18 zephyr/drivers/timer/libdrivers__timer.a(nrf_rtc_timer.c.obj)
 .text.sys_clock_cycle_get_32
                0x0000000000009204        0x8 zephyr/drivers/timer/libdrivers__timer.a(nrf_rtc_timer.c.obj)
                0x0000000000009204                sys_clock_cycle_get_32
 .text.bytewise_bit_swap
                0x000000000000920c       0x1e modules/nrf/subsys/esb/lib..__nrf__subsys__esb.a(esb.c.obj)
 .text.mpsl_fem_api_init
                0x000000000000922a        0xa modules/nrf/subsys/mpsl/fem/lib..__nrf__subsys__mpsl__fem.a(mpsl_fem_api_init.c.obj)
 .text.hw_cc3xx_init_internal
                0x0000000000009234        0x4 modules/nrf/drivers/hw_cc3xx/lib..__nrf__drivers__hw_cc3xx.a(hw_cc3xx.c.obj)
 .text.hw_cc3xx_init
                0x0000000000009238       0x12 modules/nrf/drivers/hw_cc3xx/lib..__nrf__drivers__hw_cc3xx.a(hw_cc3xx.c.obj)
 .text.nrfx_isr
                0x000000000000924a        0x2 modules/hal_nordic/modules/hal_nordic/nrfx/libmodules__hal_nordic__nrfx.a(nrfx_glue.c.obj)
                0x000000000000924a                nrfx_isr
 .text.nrfx_busy_wait
                0x000000000000924c        0x4 modules/hal_nordic/modules/hal_nordic/nrfx/libmodules__hal_nordic__nrfx.a(nrfx_glue.c.obj)
                0x000000000000924c                nrfx_busy_wait
 .text.ram_ctrl_block_section_retention_enable_set
                0x0000000000009250       0x16 modules/hal_nordic/modules/hal_nordic/nrfx/libmodules__hal_nordic__nrfx.a(nrfx_ram_ctrl.c.obj)
 .text.nrfx_gppi_channel_endpoints_setup
                0x0000000000009266       0x14 modules/hal_nordic/modules/hal_nordic/nrfx/libmodules__hal_nordic__nrfx.a(nrfx_gppi_ppi.c.obj)
                0x0000000000009266                nrfx_gppi_channel_endpoints_setup
 .text.nrfx_gppi_channel_alloc
                0x000000000000927a        0x4 modules/hal_nordic/modules/hal_nordic/nrfx/libmodules__hal_nordic__nrfx.a(nrfx_gppi_ppi.c.obj)
                0x000000000000927a                nrfx_gppi_channel_alloc
 .text.nrfx_clock_stop
                0x000000000000927e        0x4 modules/hal_nordic/modules/hal_nordic/nrfx/libmodules__hal_nordic__nrfx.a(nrfx_clock.c.obj)
                0x000000000000927e                nrfx_clock_stop
 .text.nrf_gpio_reconfigure
                0x0000000000009282       0x92 modules/hal_nordic/modules/hal_nordic/nrfx/libmodules__hal_nordic__nrfx.a(nrfx_gpiote.c.obj)
 .text.nrf_gpio_cfg_sense_set
                0x0000000000009314       0x1e modules/hal_nordic/modules/hal_nordic/nrfx/libmodules__hal_nordic__nrfx.a(nrfx_gpiote.c.obj)
 .text.pin_trigger_disable
                0x0000000000009332       0x48 modules/hal_nordic/modules/hal_nordic/nrfx/libmodules__hal_nordic__nrfx.a(nrfx_gpiote.c.obj)
 .text.nrfx_gpiote_pin_uninit
                0x000000000000937a        0x4 modules/hal_nordic/modules/hal_nordic/nrfx/libmodules__hal_nordic__nrfx.a(nrfx_gpiote.c.obj)
                0x000000000000937a                nrfx_gpiote_pin_uninit
 .text.nrfx_gpiote_trigger_disable
                0x000000000000937e        0x4 modules/hal_nordic/modules/hal_nordic/nrfx/libmodules__hal_nordic__nrfx.a(nrfx_gpiote.c.obj)
                0x000000000000937e                nrfx_gpiote_trigger_disable
 .text.nrfx_timer_compare
                0x0000000000009382       0x30 modules/hal_nordic/modules/hal_nordic/nrfx/libmodules__hal_nordic__nrfx.a(nrfx_timer.c.obj)
                0x0000000000009382                nrfx_timer_compare
 .text.rtt_init
                0x00000000000093b2        0xa modules/segger/libmodules__segger.a(SEGGER_RTT_zephyr.c.obj)
 .text.zephyr_rtt_irq_lock
                0x00000000000093bc       0x10 modules/segger/libmodules__segger.a(SEGGER_RTT_zephyr.c.obj)
                0x00000000000093bc                zephyr_rtt_irq_lock
 .text.zephyr_rtt_irq_unlock
                0x00000000000093cc        0xa modules/segger/libmodules__segger.a(SEGGER_RTT_zephyr.c.obj)
                0x00000000000093cc                zephyr_rtt_irq_unlock
 .text.z_impl_k_busy_wait
                0x00000000000093d6        0x8 zephyr/kernel/libkernel.a(busy_wait.c.obj)
                0x00000000000093d6                z_impl_k_busy_wait
 .text.z_device_state_init
                0x00000000000093de        0x2 zephyr/kernel/libkernel.a(device.c.obj)
                0x00000000000093de                z_device_state_init
 .text.z_impl_device_is_ready
                0x00000000000093e0       0x16 zephyr/kernel/libkernel.a(device.c.obj)
                0x00000000000093e0                z_impl_device_is_ready
 .text.arch_system_halt
                0x00000000000093f6       0x10 zephyr/kernel/libkernel.a(fatal.c.obj)
                0x00000000000093f6                arch_system_halt
 .text.do_device_init
                0x0000000000009406       0x48 zephyr/kernel/libkernel.a(init.c.obj)
 .text.z_early_memset
                0x000000000000944e        0x4 zephyr/kernel/libkernel.a(init.c.obj)
                0x000000000000944e                z_early_memset
 .text.z_early_memcpy
                0x0000000000009452        0x4 zephyr/kernel/libkernel.a(init.c.obj)
                0x0000000000009452                z_early_memcpy
 .text.z_init_static
                0x0000000000009456        0x2 zephyr/kernel/libkernel.a(init_static.c.obj)
                0x0000000000009456                z_init_static
 .text.create_free_list
                0x0000000000009458       0x34 zephyr/kernel/libkernel.a(mem_slab.c.obj)
 .text.k_mem_slab_init
                0x000000000000948c       0x1c zephyr/kernel/libkernel.a(mem_slab.c.obj)
                0x000000000000948c                k_mem_slab_init
 .text.k_mem_slab_free
                0x00000000000094a8       0x70 zephyr/kernel/libkernel.a(mem_slab.c.obj)
                0x00000000000094a8                k_mem_slab_free
 .text.idle     0x0000000000009518       0x16 zephyr/kernel/libkernel.a(idle.c.obj)
                0x0000000000009518                idle
 .text.adjust_owner_prio.isra.0
                0x000000000000952e       0x10 zephyr/kernel/libkernel.a(mutex.c.obj)
 .text.z_impl_k_mutex_init
                0x000000000000953e        0xe zephyr/kernel/libkernel.a(mutex.c.obj)
                0x000000000000953e                z_impl_k_mutex_init
 .text.z_impl_k_sem_init
                0x000000000000954c       0x18 zephyr/kernel/libkernel.a(sem.c.obj)
                0x000000000000954c                z_impl_k_sem_init
 .text.flag_test_and_clear
                0x0000000000009564       0x16 zephyr/kernel/libkernel.a(work.c.obj)
 .text.unschedule_locked
                0x000000000000957a       0x1e zephyr/kernel/libkernel.a(work.c.obj)
 .text.notify_queue_locked.isra.0
                0x0000000000009598        0xe zephyr/kernel/libkernel.a(work.c.obj)
 .text.cancel_async_locked
                0x00000000000095a6       0x66 zephyr/kernel/libkernel.a(work.c.obj)
 .text.work_timeout
                0x000000000000960c       0x3c zephyr/kernel/libkernel.a(work.c.obj)
 .text.k_work_init_delayable
                0x0000000000009648       0x18 zephyr/kernel/libkernel.a(work.c.obj)
                0x0000000000009648                k_work_init_delayable
 .text.k_work_cancel_delayable
                0x0000000000009660       0x26 zephyr/kernel/libkernel.a(work.c.obj)
                0x0000000000009660                k_work_cancel_delayable
 .text.k_is_in_isr
                0x0000000000009686        0xc zephyr/kernel/libkernel.a(thread.c.obj)
                0x0000000000009686                k_is_in_isr
 .text.z_impl_k_thread_name_set
                0x0000000000009692        0x6 zephyr/kernel/libkernel.a(thread.c.obj)
                0x0000000000009692                z_impl_k_thread_name_set
 .text.k_thread_name_get
                0x0000000000009698        0x4 zephyr/kernel/libkernel.a(thread.c.obj)
                0x0000000000009698                k_thread_name_get
 .text.sys_dlist_remove
                0x000000000000969c       0x10 zephyr/kernel/libkernel.a(sched.c.obj)
 .text.unpend_thread_no_timeout
                0x00000000000096ac       0x14 zephyr/kernel/libkernel.a(sched.c.obj)
 .text.add_to_waitq_locked
                0x00000000000096c0       0x50 zephyr/kernel/libkernel.a(sched.c.obj)
 .text.z_ready_thread
                0x0000000000009710       0x1e zephyr/kernel/libkernel.a(sched.c.obj)
                0x0000000000009710                z_ready_thread
 .text.z_unpend_thread_no_timeout
                0x000000000000972e       0x22 zephyr/kernel/libkernel.a(sched.c.obj)
                0x000000000000972e                z_unpend_thread_no_timeout
 .text.z_sched_wake_thread
                0x0000000000009750       0x46 zephyr/kernel/libkernel.a(sched.c.obj)
                0x0000000000009750                z_sched_wake_thread
 .text.z_thread_timeout
                0x0000000000009796        0x8 zephyr/kernel/libkernel.a(sched.c.obj)
                0x0000000000009796                z_thread_timeout
 .text.z_unpend1_no_timeout
                0x000000000000979e       0x2c zephyr/kernel/libkernel.a(sched.c.obj)
                0x000000000000979e                z_unpend1_no_timeout
 .text.z_impl_k_sleep
                0x00000000000097ca       0x32 zephyr/kernel/libkernel.a(sched.c.obj)
                0x00000000000097ca                z_impl_k_sleep
 .text.z_sched_wake
                0x00000000000097fc       0x46 zephyr/kernel/libkernel.a(sched.c.obj)
                0x00000000000097fc                z_sched_wake
 .text.z_sched_waitq_walk
                0x0000000000009842       0x44 zephyr/kernel/libkernel.a(sched.c.obj)
                0x0000000000009842                z_sched_waitq_walk
 .text.next_timeout
                0x0000000000009886       0x32 zephyr/kernel/libkernel.a(timeout.c.obj)
 .text.z_abort_timeout
                0x00000000000098b8       0x42 zephyr/kernel/libkernel.a(timeout.c.obj)
                0x00000000000098b8                z_abort_timeout
 .text.sys_clock_tick_get_32
                0x00000000000098fa        0x8 zephyr/kernel/libkernel.a(timeout.c.obj)
                0x00000000000098fa                sys_clock_tick_get_32
 .text.z_impl_k_uptime_ticks
                0x0000000000009902        0x4 zephyr/kernel/libkernel.a(timeout.c.obj)
                0x0000000000009902                z_impl_k_uptime_ticks
 .text.k_timer_init
                0x0000000000009906       0x18 zephyr/kernel/libkernel.a(timer.c.obj)
                0x0000000000009906                k_timer_init
 .text.z_impl_k_timer_stop
                0x000000000000991e       0x38 zephyr/kernel/libkernel.a(timer.c.obj)
                0x000000000000991e                z_impl_k_timer_stop
 .text.k_event_wait_internal
                0x0000000000009956       0x82 zephyr/kernel/libkernel.a(events.c.obj)
 .text.event_walk_op
                0x00000000000099d8       0x30 zephyr/kernel/libkernel.a(events.c.obj)
 .text.z_impl_k_event_set
                0x0000000000009a08        0x8 zephyr/kernel/libkernel.a(events.c.obj)
                0x0000000000009a08                z_impl_k_event_set
 .text.z_impl_k_event_clear